Component: ARM Compiler 5.06 update 7 (build 960) Tool: armlink [4d3601]

==============================================================================

Section Cross References

    startup_stm32f103xb.o(STACK) refers (Special) to heapauxi.o(.text) for __use_two_region_memory
    startup_stm32f103xb.o(HEAP) refers (Special) to heapauxi.o(.text) for __use_two_region_memory
    startup_stm32f103xb.o(RESET) refers (Special) to heapauxi.o(.text) for __use_two_region_memory
    startup_stm32f103xb.o(RESET) refers to startup_stm32f103xb.o(STACK) for __initial_sp
    startup_stm32f103xb.o(RESET) refers to startup_stm32f103xb.o(.text) for Reset_Handler
    startup_stm32f103xb.o(RESET) refers to stm32f1xx_it.o(i.NMI_Handler) for NMI_Handler
    startup_stm32f103xb.o(RESET) refers to stm32f1xx_it.o(i.HardFault_Handler) for HardFault_Handler
    startup_stm32f103xb.o(RESET) refers to stm32f1xx_it.o(i.MemManage_Handler) for MemManage_Handler
    startup_stm32f103xb.o(RESET) refers to stm32f1xx_it.o(i.BusFault_Handler) for BusFault_Handler
    startup_stm32f103xb.o(RESET) refers to stm32f1xx_it.o(i.UsageFault_Handler) for UsageFault_Handler
    startup_stm32f103xb.o(RESET) refers to stm32f1xx_it.o(i.SVC_Handler) for SVC_Handler
    startup_stm32f103xb.o(RESET) refers to stm32f1xx_it.o(i.DebugMon_Handler) for DebugMon_Handler
    startup_stm32f103xb.o(RESET) refers to stm32f1xx_it.o(i.PendSV_Handler) for PendSV_Handler
    startup_stm32f103xb.o(RESET) refers to stm32f1xx_it.o(i.SysTick_Handler) for SysTick_Handler
    startup_stm32f103xb.o(RESET) refers to stm32f1xx_it.o(i.DMA1_Channel1_IRQHandler) for DMA1_Channel1_IRQHandler
    startup_stm32f103xb.o(RESET) refers to stm32f1xx_it.o(i.DMA1_Channel5_IRQHandler) for DMA1_Channel5_IRQHandler
    startup_stm32f103xb.o(RESET) refers to stm32f1xx_it.o(i.DMA1_Channel6_IRQHandler) for DMA1_Channel6_IRQHandler
    startup_stm32f103xb.o(RESET) refers to bsp_tim.o(i.TIM4_IRQHandler) for TIM4_IRQHandler
    startup_stm32f103xb.o(RESET) refers to bsp_usart.o(i.USART1_IRQHandler) for USART1_IRQHandler
    startup_stm32f103xb.o(RESET) refers to bsp_usart.o(i.USART2_IRQHandler) for USART2_IRQHandler
    startup_stm32f103xb.o(.text) refers (Special) to heapauxi.o(.text) for __use_two_region_memory
    startup_stm32f103xb.o(.text) refers to system_stm32f1xx.o(i.SystemInit) for SystemInit
    startup_stm32f103xb.o(.text) refers to __main.o(!!!main) for __main
    startup_stm32f103xb.o(.text) refers to startup_stm32f103xb.o(HEAP) for Heap_Mem
    startup_stm32f103xb.o(.text) refers to startup_stm32f103xb.o(STACK) for Stack_Mem
    main.o(i.main) refers to stm32f1xx_hal.o(i.HAL_Init) for HAL_Init
    main.o(i.main) refers to sys.o(i.SystemClock_Config) for SystemClock_Config
    main.o(i.main) refers to bsp_gpio.o(i.bsp_InitGpio) for bsp_InitGpio
    main.o(i.main) refers to 24cxx.o(i.AT24CXX_Init) for AT24CXX_Init
    main.o(i.main) refers to bsp_led.o(i.LedInit) for LedInit
    main.o(i.main) refers to bsp_adc.o(i.bsp_InitAdc) for bsp_InitAdc
    main.o(i.main) refers to bsp_usart.o(i.bsp_usartInit) for bsp_usartInit
    main.o(i.main) refers to lora.o(i.LoraInit) for LoraInit
    main.o(i.main) refers to bsp_tim.o(i.Bsp_tim4_Init) for Bsp_tim4_Init
    main.o(i.main) refers to bsp_tim.o(i.TimerGet1s) for TimerGet1s
    main.o(i.main) refers to task_ctrl.o(i.ChannelDetect) for ChannelDetect
    main.o(i.main) refers to bsp_led.o(i.LedRefresh) for LedRefresh
    main.o(i.main) refers to bsp_tim.o(i.TimerGet1ms) for TimerGet1ms
    main.o(i.main) refers to task_ctrl.o(i.ChannelFire) for ChannelFire
    main.o(i.main) refers to aeabi_memset.o(.text) for __aeabi_memset
    main.o(i.main) refers to lora.o(i.loraSendData) for loraSendData
    main.o(i.main) refers to 24cxx.o(i.AT24CXX_Write) for AT24CXX_Write
    main.o(i.main) refers to rt_memclr.o(.text) for __aeabi_memclr
    main.o(i.main) refers to 24cxx.o(i.AT24CXX_Read) for AT24CXX_Read
    main.o(i.main) refers to main.o(.data) for preTb1s
    main.o(i.main) refers to main.o(.bss) for test_buf
    stm32f1xx_it.o(i.DMA1_Channel1_IRQHandler) refers to stm32f1xx_hal_dma.o(i.HAL_DMA_IRQHandler) for HAL_DMA_IRQHandler
    stm32f1xx_it.o(i.DMA1_Channel1_IRQHandler) refers to bsp_adc.o(.bss) for hdma_adc1
    stm32f1xx_it.o(i.DMA1_Channel5_IRQHandler) refers to stm32f1xx_hal_dma.o(i.HAL_DMA_IRQHandler) for HAL_DMA_IRQHandler
    stm32f1xx_it.o(i.DMA1_Channel5_IRQHandler) refers to bsp_usart.o(.bss) for hdma_usart1_rx
    stm32f1xx_it.o(i.DMA1_Channel6_IRQHandler) refers to stm32f1xx_hal_dma.o(i.HAL_DMA_IRQHandler) for HAL_DMA_IRQHandler
    stm32f1xx_it.o(i.DMA1_Channel6_IRQHandler) refers to bsp_usart.o(.bss) for hdma_usart2_rx
    stm32f1xx_it.o(i.SysTick_Handler) refers to stm32f1xx_hal.o(i.HAL_IncTick) for HAL_IncTick
    stm32f1xx_hal_tim.o(i.HAL_TIM_Base_DeInit) refers to bsp_tim.o(i.HAL_TIM_Base_MspDeInit) for HAL_TIM_Base_MspDeInit
[...]
    ..\Bsp\Src\bsp_usart.c                   0x00000000   Number         0  bsp_usart.o ABSOLUTE
    ..\Bsp\Src\delay.c                       0x00000000   Number         0  delay.o ABSOLUTE
    ..\Bsp\Src\myiic.c                       0x00000000   Number         0  myiic.o ABSOLUTE
    ..\Bsp\Src\sys.c                         0x00000000   Number         0  sys.o ABSOLUTE
    ..\Core\Src\main.c                       0x00000000   Number         0  main.o ABSOLUTE
    ..\Core\Src\stm32f1xx_hal_msp.c          0x00000000   Number         0  stm32f1xx_hal_msp.o ABSOLUTE
    ..\Core\Src\stm32f1xx_it.c               0x00000000   Number         0  stm32f1xx_it.o ABSOLUTE
    ..\Core\Src\system_stm32f1xx.c           0x00000000   Number         0  system_stm32f1xx.o ABSOLUTE
    ..\Drivers\STM32F1xx_HAL_Driver\Src\stm32f1xx_hal.c 0x00000000   Number         0  stm32f1xx_hal.o ABSOLUTE
    ..\Drivers\STM32F1xx_HAL_Driver\Src\stm32f1xx_hal_adc.c 0x00000000   Number         0  stm32f1xx_hal_adc.o ABSOLUTE
    ..\Drivers\STM32F1xx_HAL_Driver\Src\stm32f1xx_hal_adc_ex.c 0x00000000   Number         0  stm32f1xx_hal_adc_ex.o ABSOLUTE
    ..\Drivers\STM32F1xx_HAL_Driver\Src\stm32f1xx_hal_cortex.c 0x00000000   Number         0  stm32f1xx_hal_cortex.o ABSOLUTE
    ..\Drivers\STM32F1xx_HAL_Driver\Src\stm32f1xx_hal_dma.c 0x00000000   Number         0  stm32f1xx_hal_dma.o ABSOLUTE
    ..\Drivers\STM32F1xx_HAL_Driver\Src\stm32f1xx_hal_exti.c 0x00000000   Number         0  stm32f1xx_hal_exti.o ABSOLUTE
    ..\Drivers\STM32F1xx_HAL_Driver\Src\stm32f1xx_hal_flash.c 0x00000000   Number         0  stm32f1xx_hal_flash.o ABSOLUTE
    ..\Drivers\STM32F1xx_HAL_Driver\Src\stm32f1xx_hal_flash_ex.c 0x00000000   Number         0  stm32f1xx_hal_flash_ex.o ABSOLUTE
    ..\Drivers\STM32F1xx_HAL_Driver\Src\stm32f1xx_hal_gpio.c 0x00000000   Number         0  stm32f1xx_hal_gpio.o ABSOLUTE
    ..\Drivers\STM32F1xx_HAL_Driver\Src\stm32f1xx_hal_gpio_ex.c 0x00000000   Number         0  stm32f1xx_hal_gpio_ex.o ABSOLUTE
    ..\Drivers\STM32F1xx_HAL_Driver\Src\stm32f1xx_hal_pwr.c 0x00000000   Number         0  stm32f1xx_hal_pwr.o ABSOLUTE
    ..\Drivers\STM32F1xx_HAL_Driver\Src\stm32f1xx_hal_rcc.c 0x00000000   Number         0  stm32f1xx_hal_rcc.o ABSOLUTE
    ..\Drivers\STM32F1xx_HAL_Driver\Src\stm32f1xx_hal_rcc_ex.c 0x00000000   Number         0  stm32f1xx_hal_rcc_ex.o ABSOLUTE
    ..\Drivers\STM32F1xx_HAL_Driver\Src\stm32f1xx_hal_tim.c 0x00000000   Number         0  stm32f1xx_hal_tim.o ABSOLUTE
    ..\Drivers\STM32F1xx_HAL_Driver\Src\stm32f1xx_hal_tim_ex.c 0x00000000   Number         0  stm32f1xx_hal_tim_ex.o ABSOLUTE
    ..\Drivers\STM32F1xx_HAL_Driver\Src\stm32f1xx_hal_uart.c 0x00000000   Number         0  stm32f1xx_hal_uart.o ABSOLUTE
    ..\Task\Src\task_com.c                   0x00000000   Number         0  task_com.o ABSOLUTE
    ..\Task\Src\task_ctrl.c                  0x00000000   Number         0  task_ctrl.o ABSOLUTE
    ..\\App\\Src\\lora.c                     0x00000000   Number         0  lora.o ABSOLUTE
    ..\\Bsp\\Src\\24cxx.c                    0x00000000   Number         0  24cxx.o ABSOLUTE
    ..\\Bsp\\Src\\bsp_adc.c                  0x00000000   Number         0  bsp_adc.o ABSOLUTE
    ..\\Bsp\\Src\\bsp_gpio.c                 0x00000000   Number         0  bsp_gpio.o ABSOLUTE
    ..\\Bsp\\Src\\bsp_led.c                  0x00000000   Number         0  bsp_led.o ABSOLUTE
    ..\\Bsp\\Src\\bsp_tim.c                  0x00000000   Number         0  bsp_tim.o ABSOLUTE
    ..\\Bsp\\Src\\bsp_usart.c                0x00000000   Number         0  bsp_usart.o ABSOLUTE
    ..\\Bsp\\Src\\delay.c                    0x00000000   Number         0  delay.o ABSOLUTE
    ..\\Bsp\\Src\\myiic.c                    0x00000000   Number         0  myiic.o ABSOLUTE
    ..\\Bsp\\Src\\sys.c                      0x00000000   Number         0  sys.o ABSOLUTE
    ..\\Drivers\\STM32F1xx_HAL_Driver\\Src\\stm32f1xx_hal_adc.c 0x00000000   Number         0  stm32f1xx_hal_adc.o ABSOLUTE
    ..\\Drivers\\STM32F1xx_HAL_Driver\\Src\\stm32f1xx_hal_adc_ex.c 0x00000000   Number         0  stm32f1xx_hal_adc_ex.o ABSOLUTE
    ..\\Task\\Src\\task_com.c                0x00000000   Number         0  task_com.o ABSOLUTE
    ..\\Task\\Src\\task_ctrl.c               0x00000000   Number         0  task_ctrl.o ABSOLUTE
    dc.s                                     0x00000000   Number         0  dc.o ABSOLUTE
    startup_stm32f103xb.s                    0x00000000   Number         0  startup_stm32f103xb.o ABSOLUTE
    RESET                                    0x08000000   Section      236  startup_stm32f103xb.o(RESET)
    !!!main                                  0x080000ec   Section        8  __main.o(!!!main)
    !!!scatter                               0x080000f4   Section       52  __scatter.o(!!!scatter)
    !!handler_copy                           0x08000128   Section       26  __scatter_copy.o(!!handler_copy)
    !!handler_zi                             0x08000144   Section       28  __scatter_zi.o(!!handler_zi)
    .ARM.Collect$$libinit$$00000000          0x08000160   Section        2  libinit.o(.ARM.Collect$$libinit$$00000000)
    .ARM.Collect$$libinit$$00000002          0x08000162   Section        0  libinit2.o(.ARM.Collect$$libinit$$00000002)
    .ARM.Collect$$libinit$$00000004          0x08000162   Section        0  libinit2.o(.ARM.Collect$$libinit$$00000004)
    .ARM.Collect$$libinit$$0000000A          0x08000162   Section        0  libinit2.o(.ARM.Collect$$libinit$$0000000A)
    .ARM.Collect$$libinit$$0000000C          0x08000162   Section        0  libinit2.o(.ARM.Collect$$libinit$$0000000C)
    .ARM.Collect$$libinit$$0000000E          0x08000162   Section        0  libinit2.o(.ARM.Collect$$libinit$$0000000E)
    .ARM.Collect$$libinit$$00000011          0x08000162   Section        0  libinit2.o(.ARM.Collect$$libinit$$00000011)
    .ARM.Collect$$libinit$$00000013          0x08000162   Section        0  libinit2.o(.ARM.Collect$$libinit$$00000013)
    .ARM.Collect$$libinit$$00000015          0x08000162   Section        0  libinit2.o(.ARM.Collect$$libinit$$00000015)
    .ARM.Collect$$libinit$$00000017          0x08000162   Section        0  libinit2.o(.ARM.Collect$$libinit$$00000017)
    .ARM.Collect$$libinit$$00000019          0x08000162   Section        0  libinit2.o(.ARM.Collect$$libinit$$00000019)
    .ARM.Collect$$libinit$$0000001B          0x08000162   Section        0  libinit2.o(.ARM.Collect$$libinit$$0000001B)
    .ARM.Collect$$libinit$$0000001D          0x08000162   Section        0  libinit2.o(.ARM.Collect$$libinit$$0000001D)
    .ARM.Collect$$libinit$$0000001F          0x08000162   Section        0  libinit2.o(.ARM.Collect$$libinit$$0000001F)
    .ARM.Collect$$libinit$$00000021          0x08000162   Section        0  libinit2.o(.ARM.Collect$$libinit$$00000021)
    .ARM.Collect$$libinit$$00000023          0x08000162   Section        0  libinit2.o(.ARM.Collect$$libinit$$00000023)
    .ARM.Collect$$libinit$$00000025          0x08000162   Section        0  libinit2.o(.ARM.Collect$$libinit$$00000025)
    .ARM.Collect$$libinit$$0000002C          0x08000162   Section        0  libinit2.o(.ARM.Collect$$libinit$$0000002C)
    .ARM.Collect$$libinit$$0000002E          0x08000162   Section        0  libinit2.o(.ARM.Collect$$libinit$$0000002E)
    .ARM.Collect$$libinit$$00000030          0x08000162   Section        0  libinit2.o(.ARM.Collect$$libinit$$00000030)
    .ARM.Collect$$libinit$$00000032          0x08000162   Section        0  libinit2.o(.ARM.Collect$$libinit$$00000032)
    .ARM.Collect$$libinit$$00000033          0x08000162   Section        2  libinit2.o(.ARM.Collect$$libinit$$00000033)
    .ARM.Collect$$libshutdown$$00000000      0x08000164   Section        2  libshutdown.o(.ARM.Collect$$libshutdown$$00000000)
    .ARM.Collect$$libshutdown$$00000002      0x08000166   Section        0  libshutdown2.o(.ARM.Collect$$libshutdown$$00000002)
    .ARM.Collect$$libshutdown$$00000004      0x08000166   Section        0  libshutdown2.o(.ARM.Collect$$libshutdown$$00000004)
    .ARM.Collect$$libshutdown$$00000006      0x08000166   Section        0  libshutdown2.o(.ARM.Collect$$libshutdown$$00000006)
    .ARM.Collect$$libshutdown$$00000009      0x08000166   Section        0  libshutdown2.o(.ARM.Collect$$libshutdown$$00000009)
    .ARM.Collect$$libshutdown$$0000000C      0x08000166   Section        0  libshutdown2.o(.ARM.Collect$$libshutdown$$0000000C)
    .ARM.Collect$$libshutdown$$0000000E      0x08000166   Section        0  libshutdown2.o(.ARM.Collect$$libshutdown$$0000000E)
    .ARM.Collect$$libshutdown$$00000011      0x08000166   Section        0  libshutdown2.o(.ARM.Collect$$libshutdown$$00000011)
    .ARM.Collect$$libshutdown$$00000012      0x08000166   Section        2  libshutdown2.o(.ARM.Collect$$libshutdown$$00000012)
    .ARM.Collect$$rtentry$$00000000          0x08000168   Section        0  __rtentry.o(.ARM.Collect$$rtentry$$00000000)
    .ARM.Collect$$rtentry$$00000002          0x08000168   Section        0  __rtentry2.o(.ARM.Collect$$rtentry$$00000002)
    .ARM.Collect$$rtentry$$00000004          0x08000168   Section        6  __rtentry4.o(.ARM.Collect$$rtentry$$00000004)
    .ARM.Collect$$rtentry$$00000009          0x0800016e   Section        0  __rtentry2.o(.ARM.Collect$$rtentry$$00000009)
    .ARM.Collect$$rtentry$$0000000A          0x0800016e   Section        4  __rtentry2.o(.ARM.Collect$$rtentry$$0000000A)
    .ARM.Collect$$rtentry$$0000000C          0x08000172   Section        0  __rtentry2.o(.ARM.Collect$$rtentry$$0000000C)
    .ARM.Collect$$rtentry$$0000000D          0x08000172   Section        8  __rtentry2.o(.ARM.Collect$$rtentry$$0000000D)
    .ARM.Collect$$rtexit$$00000000           0x0800017a   Section        2  rtexit.o(.ARM.Collect$$rtexit$$00000000)
    .ARM.Collect$$rtexit$$00000002           0x0800017c   Section        0  rtexit2.o(.ARM.Collect$$rtexit$$00000002)
    .ARM.Collect$$rtexit$$00000003           0x0800017c   Section        4  rtexit2.o(.ARM.Collect$$rtexit$$00000003)
    .ARM.Collect$$rtexit$$00000004           0x08000180   Section        6  rtexit2.o(.ARM.Collect$$rtexit$$00000004)
    .text                                    0x08000188   Section       64  startup_stm32f103xb.o(.text)
    .text                                    0x080001c8   Section        0  memcmp.o(.text)
    .text                                    0x08000220   Section       16  aeabi_memset.o(.text)
    .text                                    0x08000230   Section       68  rt_memclr.o(.text)
    .text                                    0x08000274   Section       78  rt_memclr_w.o(.text)
    .text                                    0x080002c2   Section        0  heapauxi.o(.text)
    .text                                    0x080002c8   Section       74  sys_stackheap_outer.o(.text)
    .text                                    0x08000312   Section        0  exit.o(.text)
    .text                                    0x08000324   Section        8  libspace.o(.text)
    .text                                    0x0800032c   Section        0  sys_exit.o(.text)
    .text                                    0x08000338   Section        2  use_no_semi.o(.text)
    .text                                    0x0800033a   Section        0  indicate_semi.o(.text)
    i.ADC_ConversionStop_Disable             0x0800033a   Section        0  stm32f1xx_hal_adc.o(i.ADC_ConversionStop_Disable)
    i.ADC_DMAConvCplt                        0x08000396   Section        0  stm32f1xx_hal_adc.o(i.ADC_DMAConvCplt)
    i.ADC_DMAError                           0x080003e8   Section        0  stm32f1xx_hal_adc.o(i.ADC_DMAError)
    i.ADC_DMAHalfConvCplt                    0x08000406   Section        0  stm32f1xx_hal_adc.o(i.ADC_DMAHalfConvCplt)
    i.ADC_Enable                             0x08000414   Section        0  stm32f1xx_hal_adc.o(i.ADC_Enable)
    i.AT24CXX_Init                           0x080004a4   Section        0  24cxx.o(i.AT24CXX_Init)
    i.AT24CXX_Read                           0x08000508   Section        0  24cxx.o(i.AT24CXX_Read)
    i.AT24CXX_ReadOneByte                    0x0800052a   Section        0  24cxx.o(i.AT24CXX_ReadOneByte)
    i.AT24CXX_Write                          0x08000570   Section        0  24cxx.o(i.AT24CXX_Write)
    i.AT24CXX_WriteOneByte                   0x08000594   Section        0  24cxx.o(i.AT24CXX_WriteOneByte)
    i.Bsp_tim4_Init                          0x080005d4   Section        0  bsp_tim.o(i.Bsp_tim4_Init)
    i.BusFault_Handler                       0x08000634   Section        0  stm32f1xx_it.o(i.BusFault_Handler)
    i.ChannelDetect                          0x08000638   Section        0  task_ctrl.o(i.ChannelDetect)
    i.ChannelFire                            0x08000754   Section        0  task_ctrl.o(i.ChannelFire)
    i.DMA1_Channel1_IRQHandler               0x0800085c   Section        0  stm32f1xx_it.o(i.DMA1_Channel1_IRQHandler)
    i.DMA1_Channel5_IRQHandler               0x0800086c   Section        0  stm32f1xx_it.o(i.DMA1_Channel5_IRQHandler)
    i.DMA1_Channel6_IRQHandler               0x0800087c   Section        0  stm32f1xx_it.o(i.DMA1_Channel6_IRQHandler)
    i.DMA_Init                               0x0800088c   Section        0  bsp_usart.o(i.DMA_Init)
    i.DMA_SetConfig                          0x080008d0   Section        0  stm32f1xx_hal_dma.o(i.DMA_SetConfig)
    DMA_SetConfig                            0x080008d1   Thumb Code    44  stm32f1xx_hal_dma.o(i.DMA_SetConfig)
    i.DebugMon_Handler                       0x080008fc   Section        0  stm32f1xx_it.o(i.DebugMon_Handler)
    i.EE_delay                               0x080008fe   Section        0  myiic.o(i.EE_delay)
    i.Error_Handler                          0x0800090c   Section        0  sys.o(i.Error_Handler)
    i.HAL_ADCEx_Calibration_Start            0x08000914   Section        0  stm32f1xx_hal_adc_ex.o(i.HAL_ADCEx_Calibration_Start)
    i.HAL_ADC_ConfigChannel                  0x08000a30   Section        0  stm32f1xx_hal_adc.o(i.HAL_ADC_ConfigChannel)
    i.HAL_ADC_ConvCpltCallback               0x08000b90   Section        0  stm32f1xx_hal_adc.o(i.HAL_ADC_ConvCpltCallback)
    i.HAL_ADC_ConvHalfCpltCallback           0x08000b92   Section        0  stm32f1xx_hal_adc.o(i.HAL_ADC_ConvHalfCpltCallback)
    i.HAL_ADC_ErrorCallback                  0x08000b94   Section        0  stm32f1xx_hal_adc.o(i.HAL_ADC_ErrorCallback)
    i.HAL_ADC_Init                           0x08000b98   Section        0  stm32f1xx_hal_adc.o(i.HAL_ADC_Init)
    i.HAL_ADC_MspInit                        0x08000cdc   Section        0  bsp_adc.o(i.HAL_ADC_MspInit)
    i.HAL_ADC_Start_DMA                      0x08000d8c   Section        0  stm32f1xx_hal_adc.o(i.HAL_ADC_Start_DMA)
    i.HAL_DMA_Abort                          0x08000f0c   Section        0  stm32f1xx_hal_dma.o(i.HAL_DMA_Abort)
    i.HAL_DMA_Abort_IT                       0x08000f64   Section        0  stm32f1xx_hal_dma.o(i.HAL_DMA_Abort_IT)
    i.HAL_DMA_IRQHandler                     0x08001014   Section        0  stm32f1xx_hal_dma.o(i.HAL_DMA_IRQHandler)
    i.HAL_DMA_Init                           0x080011b0   Section        0  stm32f1xx_hal_dma.o(i.HAL_DMA_Init)
    i.HAL_DMA_Start_IT                       0x08001218   Section        0  stm32f1xx_hal_dma.o(i.HAL_DMA_Start_IT)
    i.HAL_Delay                              0x080012b4   Section        0  stm32f1xx_hal.o(i.HAL_Delay)
    i.HAL_GPIO_Init                          0x080012dc   Section        0  stm32f1xx_hal_gpio.o(i.HAL_GPIO_Init)
    i.HAL_GPIO_WritePin                      0x080015fc   Section        0  stm32f1xx_hal_gpio.o(i.HAL_GPIO_WritePin)
    i.HAL_GetTick                            0x08001608   Section        0  stm32f1xx_hal.o(i.HAL_GetTick)
    i.HAL_IncTick                            0x08001614   Section        0  stm32f1xx_hal.o(i.HAL_IncTick)
    i.HAL_Init                               0x0800162c   Section        0  stm32f1xx_hal.o(i.HAL_Init)
    i.HAL_InitTick                           0x08001654   Section        0  stm32f1xx_hal.o(i.HAL_InitTick)
    i.HAL_MspInit                            0x080016a0   Section        0  stm32f1xx_hal_msp.o(i.HAL_MspInit)
    i.HAL_NVIC_EnableIRQ                     0x080016f4   Section        0  stm32f1xx_hal_cortex.o(i.HAL_NVIC_EnableIRQ)
    i.HAL_NVIC_SetPriority                   0x08001714   Section        0  stm32f1xx_hal_cortex.o(i.HAL_NVIC_SetPriority)
    i.HAL_NVIC_SetPriorityGrouping           0x08001790   Section        0  stm32f1xx_hal_cortex.o(i.HAL_NVIC_SetPriorityGrouping)
    i.HAL_RCCEx_GetPeriphCLKFreq             0x080017b8   Section        0  stm32f1xx_hal_rcc_ex.o(i.HAL_RCCEx_GetPeriphCLKFreq)
    i.HAL_RCCEx_PeriphCLKConfig              0x080018b4   Section        0  stm32f1xx_hal_rcc_ex.o(i.HAL_RCCEx_PeriphCLKConfig)
    i.HAL_RCC_ClockConfig                    0x080019e4   Section        0  stm32f1xx_hal_rcc.o(i.HAL_RCC_ClockConfig)
    i.HAL_RCC_GetHCLKFreq                    0x08001b70   Section        0  stm32f1xx_hal_rcc.o(i.HAL_RCC_GetHCLKFreq)
    i.HAL_RCC_GetPCLK1Freq                   0x08001b7c   Section        0  stm32f1xx_hal_rcc.o(i.HAL_RCC_GetPCLK1Freq)
    i.HAL_RCC_GetPCLK2Freq                   0x08001b9c   Section        0  stm32f1xx_hal_rcc.o(i.HAL_RCC_GetPCLK2Freq)
    i.HAL_RCC_GetSysClockFreq                0x08001bbc   Section        0  stm32f1xx_hal_rcc.o(i.HAL_RCC_GetSysClockFreq)
    i.HAL_RCC_OscConfig                      0x08001c2c   Section        0  stm32f1xx_hal_rcc.o(i.HAL_RCC_OscConfig)
    i.HAL_SYSTICK_Config                     0x08002090   Section        0  stm32f1xx_hal_cortex.o(i.HAL_SYSTICK_Config)
    i.HAL_TIMEx_BreakCallback                0x080020c4   Section        0  stm32f1xx_hal_tim_ex.o(i.HAL_TIMEx_BreakCallback)
    i.HAL_TIMEx_CommutCallback               0x080020c6   Section        0  stm32f1xx_hal_tim_ex.o(i.HAL_TIMEx_CommutCallback)
    i.HAL_TIMEx_MasterConfigSynchronization  0x080020c8   Section        0  stm32f1xx_hal_tim_ex.o(i.HAL_TIMEx_MasterConfigSynchronization)
    i.HAL_TIM_Base_Init                      0x0800214c   Section        0  stm32f1xx_hal_tim.o(i.HAL_TIM_Base_Init)
    i.HAL_TIM_Base_MspInit                   0x080021b4   Section        0  bsp_tim.o(i.HAL_TIM_Base_MspInit)
    i.HAL_TIM_Base_Start_IT                  0x080021f8   Section        0  stm32f1xx_hal_tim.o(i.HAL_TIM_Base_Start_IT)
    i.HAL_TIM_IC_CaptureCallback             0x08002270   Section        0  stm32f1xx_hal_tim.o(i.HAL_TIM_IC_CaptureCallback)
    i.HAL_TIM_IRQHandler                     0x08002272   Section        0  stm32f1xx_hal_tim.o(i.HAL_TIM_IRQHandler)
    i.HAL_TIM_OC_DelayElapsedCallback        0x080023de   Section        0  stm32f1xx_hal_tim.o(i.HAL_TIM_OC_DelayElapsedCallback)
    i.HAL_TIM_PWM_PulseFinishedCallback      0x080023e0   Section        0  stm32f1xx_hal_tim.o(i.HAL_TIM_PWM_PulseFinishedCallback)
    i.HAL_TIM_PeriodElapsedCallback          0x080023e4   Section        0  bsp_tim.o(i.HAL_TIM_PeriodElapsedCallback)
    i.HAL_TIM_TriggerCallback                0x08002420   Section        0  stm32f1xx_hal_tim.o(i.HAL_TIM_TriggerCallback)
    i.HAL_UARTEx_RxEventCallback             0x08002422   Section        0  stm32f1xx_hal_uart.o(i.HAL_UARTEx_RxEventCallback)
    i.HAL_UART_DMAStop                       0x08002424   Section        0  stm32f1xx_hal_uart.o(i.HAL_UART_DMAStop)
    i.HAL_UART_ErrorCallback                 0x080024ae   Section        0  stm32f1xx_hal_uart.o(i.HAL_UART_ErrorCallback)
    i.HAL_UART_IRQHandler                    0x080024b0   Section        0  stm32f1xx_hal_uart.o(i.HAL_UART_IRQHandler)
    i.HAL_UART_Init                          0x08002794   Section        0  stm32f1xx_hal_uart.o(i.HAL_UART_Init)
    i.HAL_UART_MspInit                       0x0800280c   Section        0  bsp_usart.o(i.HAL_UART_MspInit)
    i.HAL_UART_Receive_DMA                   0x08002990   Section        0  stm32f1xx_hal_uart.o(i.HAL_UART_Receive_DMA)
    i.HAL_UART_RxCpltCallback                0x080029bc   Section        0  stm32f1xx_hal_uart.o(i.HAL_UART_RxCpltCallback)
    i.HAL_UART_RxHalfCpltCallback            0x080029be   Section        0  stm32f1xx_hal_uart.o(i.HAL_UART_RxHalfCpltCallback)
    i.HAL_UART_Transmit                      0x080029c0   Section        0  stm32f1xx_hal_uart.o(i.HAL_UART_Transmit)
    i.HAL_UART_TxCpltCallback                0x08002a7e   Section        0  stm32f1xx_hal_uart.o(i.HAL_UART_TxCpltCallback)
    i.HardFault_Handler                      0x08002a80   Section        0  stm32f1xx_it.o(i.HardFault_Handler)
    i.I2C_Init                               0x08002a84   Section        0  myiic.o(i.I2C_Init)
    i.I2C_Send_Byte                          0x08002ae0   Section        0  myiic.o(i.I2C_Send_Byte)
    i.I2C_Start                              0x08002b34   Section        0  myiic.o(i.I2C_Start)
    i.I2C_Stop                               0x08002b64   Section        0  myiic.o(i.I2C_Stop)
    i.I2C_Wait_Ack                           0x08002b88   Section        0  myiic.o(i.I2C_Wait_Ack)
    i.IIC_Ack                                0x08002bc4   Section        0  24cxx.o(i.IIC_Ack)
    i.IIC_NAck                               0x08002c08   Section        0  24cxx.o(i.IIC_NAck)
    i.IIC_Read_Byte                          0x08002c48   Section        0  24cxx.o(i.IIC_Read_Byte)
    i.IIC_Send_Byte                          0x08002ca4   Section        0  24cxx.o(i.IIC_Send_Byte)
    i.IIC_Start                              0x08002d10   Section        0  24cxx.o(i.IIC_Start)
    i.IIC_Stop                               0x08002d50   Section        0  24cxx.o(i.IIC_Stop)
    i.IIC_Wait_Ack                           0x08002d90   Section        0  24cxx.o(i.IIC_Wait_Ack)
    i.LedInit                                0x08002de8   Section        0  bsp_led.o(i.LedInit)
    i.LedPwmDutySet                          0x08002e38   Section        0  bsp_led.o(i.LedPwmDutySet)
    i.LedRefresh                             0x08002e58   Section        0  bsp_led.o(i.LedRefresh)
    i.LedSet                                 0x08002edc   Section        0  bsp_led.o(i.LedSet)
    i.LedWrite                               0x08002f00   Section        0  bsp_led.o(i.LedWrite)
    i.LedWriteMulti                          0x08002f2e   Section        0  bsp_led.o(i.LedWriteMulti)
    i.LoraInit                               0x08002f70   Section        0  lora.o(i.LoraInit)
    i.LoraWriteParam                         0x08002fac   Section        0  lora.o(i.LoraWriteParam)
    i.MemManage_Handler                      0x08003008   Section        0  stm32f1xx_it.o(i.MemManage_Handler)
    i.NMI_Handler                            0x0800300c   Section        0  stm32f1xx_it.o(i.NMI_Handler)
    i.PendSV_Handler                         0x08003010   Section        0  stm32f1xx_it.o(i.PendSV_Handler)
    i.RCC_Delay                              0x08003014   Section        0  stm32f1xx_hal_rcc.o(i.RCC_Delay)
    RCC_Delay                                0x08003015   Thumb Code    36  stm32f1xx_hal_rcc.o(i.RCC_Delay)
    i.SVC_Handler                            0x0800303c   Section        0  stm32f1xx_it.o(i.SVC_Handler)
    i.SysTick_Handler                        0x0800303e   Section        0  stm32f1xx_it.o(i.SysTick_Handler)
    i.SystemClock_Config                     0x08003046   Section        0  sys.o(i.SystemClock_Config)
    i.SystemInit                             0x080030cc   Section        0  system_stm32f1xx.o(i.SystemInit)
    i.TIM4_IRQHandler                        0x080030d0   Section        0  bsp_tim.o(i.TIM4_IRQHandler)
    i.TIM_Base_SetConfig                     0x080030e0   Section        0  stm32f1xx_hal_tim.o(i.TIM_Base_SetConfig)
    i.TimerGet1ms                            0x08003164   Section        0  bsp_tim.o(i.TimerGet1ms)
    i.TimerGet1s                             0x08003170   Section        0  bsp_tim.o(i.TimerGet1s)
    i.UART_DMAAbortOnError                   0x0800317c   Section        0  stm32f1xx_hal_uart.o(i.UART_DMAAbortOnError)
    UART_DMAAbortOnError                     0x0800317d   Thumb Code    20  stm32f1xx_hal_uart.o(i.UART_DMAAbortOnError)
    i.UART_DMAError                          0x08003190   Section        0  stm32f1xx_hal_uart.o(i.UART_DMAError)
    UART_DMAError                            0x08003191   Thumb Code    80  stm32f1xx_hal_uart.o(i.UART_DMAError)
    i.UART_DMAReceiveCplt                    0x080031e0   Section        0  stm32f1xx_hal_uart.o(i.UART_DMAReceiveCplt)
    UART_DMAReceiveCplt                      0x080031e1   Thumb Code   180  stm32f1xx_hal_uart.o(i.UART_DMAReceiveCplt)
    i.UART_DMARxHalfCplt                     0x08003294   Section        0  stm32f1xx_hal_uart.o(i.UART_DMARxHalfCplt)
    UART_DMARxHalfCplt                       0x08003295   Thumb Code    36  stm32f1xx_hal_uart.o(i.UART_DMARxHalfCplt)
    i.UART_EndRxTransfer                     0x080032b8   Section        0  stm32f1xx_hal_uart.o(i.UART_EndRxTransfer)
    UART_EndRxTransfer                       0x080032b9   Thumb Code   108  stm32f1xx_hal_uart.o(i.UART_EndRxTransfer)
    i.UART_EndTransmit_IT                    0x08003324   Section        0  stm32f1xx_hal_uart.o(i.UART_EndTransmit_IT)
    UART_EndTransmit_IT                      0x08003325   Thumb Code    32  stm32f1xx_hal_uart.o(i.UART_EndTransmit_IT)
    i.UART_EndTxTransfer                     0x08003344   Section        0  stm32f1xx_hal_uart.o(i.UART_EndTxTransfer)
    UART_EndTxTransfer                       0x08003345   Thumb Code    38  stm32f1xx_hal_uart.o(i.UART_EndTxTransfer)
    i.UART_Receive_IT                        0x0800336a   Section        0  stm32f1xx_hal_uart.o(i.UART_Receive_IT)
    UART_Receive_IT                          0x0800336b   Thumb Code   252  stm32f1xx_hal_uart.o(i.UART_Receive_IT)
    i.UART_SetConfig                         0x08003468   Section        0  stm32f1xx_hal_uart.o(i.UART_SetConfig)
    UART_SetConfig                           0x08003469   Thumb Code   248  stm32f1xx_hal_uart.o(i.UART_SetConfig)
    i.UART_Start_Receive_DMA                 0x08003564   Section        0  stm32f1xx_hal_uart.o(i.UART_Start_Receive_DMA)
    i.UART_Transmit_IT                       0x0800362c   Section        0  stm32f1xx_hal_uart.o(i.UART_Transmit_IT)
    UART_Transmit_IT                         0x0800362d   Thumb Code    96  stm32f1xx_hal_uart.o(i.UART_Transmit_IT)
    i.UART_WaitOnFlagUntilTimeout            0x0800368c   Section        0  stm32f1xx_hal_uart.o(i.UART_WaitOnFlagUntilTimeout)
    UART_WaitOnFlagUntilTimeout              0x0800368d   Thumb Code   140  stm32f1xx_hal_uart.o(i.UART_WaitOnFlagUntilTimeout)
    i.USART1_IRQHandler                      0x08003718   Section        0  bsp_usart.o(i.USART1_IRQHandler)
    i.USART1_UART_Init                       0x0800377c   Section        0  bsp_usart.o(i.USART1_UART_Init)
    i.USART2_IRQHandler                      0x080037ec   Section        0  bsp_usart.o(i.USART2_IRQHandler)
    i.USART2_UART_Init                       0x08003850   Section        0  bsp_usart.o(i.USART2_UART_Init)
    i.UsageFault_Handler                     0x080038c0   Section        0  stm32f1xx_it.o(i.UsageFault_Handler)
    i.__NVIC_GetPriorityGrouping             0x080038c4   Section        0  stm32f1xx_hal_cortex.o(i.__NVIC_GetPriorityGrouping)
    __NVIC_GetPriorityGrouping               0x080038c5   Thumb Code    10  stm32f1xx_hal_cortex.o(i.__NVIC_GetPriorityGrouping)
    i.__NVIC_SetPriority                     0x080038d4   Section        0  stm32f1xx_hal_cortex.o(i.__NVIC_SetPriority)
    __NVIC_SetPriority                       0x080038d5   Thumb Code    32  stm32f1xx_hal_cortex.o(i.__NVIC_SetPriority)
    i.bsp_InitAdc                            0x080038fc   Section        0  bsp_adc.o(i.bsp_InitAdc)
    i.bsp_InitGpio                           0x0800399c   Section        0  bsp_gpio.o(i.bsp_InitGpio)
    i.bsp_usartInit                          0x08003b98   Section        0  bsp_usart.o(i.bsp_usartInit)
    i.delay_ms                               0x08003bdc   Section        0  delay.o(i.delay_ms)
    i.delay_us                               0x08003c04   Section        0  delay.o(i.delay_us)
    i.loraSendData                           0x08003c18   Section        0  lora.o(i.loraSendData)
    i.main                                   0x08003c34   Section        0  main.o(i.main)
    .constdata                               0x08003d04   Section       18  stm32f1xx_hal_rcc.o(.constdata)
    aPLLMULFactorTable                       0x08003d04   Data          16  stm32f1xx_hal_rcc.o(.constdata)
    aPredivFactorTable                       0x08003d14   Data           2  stm32f1xx_hal_rcc.o(.constdata)
    .constdata                               0x08003d16   Section       18  stm32f1xx_hal_rcc_ex.o(.constdata)
    aPLLMULFactorTable                       0x08003d16   Data          16  stm32f1xx_hal_rcc_ex.o(.constdata)
    aPredivFactorTable                       0x08003d26   Data           2  stm32f1xx_hal_rcc_ex.o(.constdata)
    .constdata                               0x08003d28   Section       24  system_stm32f1xx.o(.constdata)
    .data                                    0x20000000   Section       21  main.o(.data)
    .data                                    0x20000018   Section        9  stm32f1xx_hal.o(.data)
    .data                                    0x20000024   Section        4  system_stm32f1xx.o(.data)
    .data                                    0x20000028   Section       11  bsp_led.o(.data)
    preState                                 0x2000002d   Data           6  bsp_led.o(.data)
    .data                                    0x20000034   Section        4  bsp_adc.o(.data)
    .data                                    0x20000038   Section        8  bsp_tim.o(.data)
    cnt1ms                                   0x20000038   Data           4  bsp_tim.o(.data)
    cnt1s                                    0x2000003c   Data           4  bsp_tim.o(.data)
    .data                                    0x20000040   Section        8  lora.o(.data)
    .data                                    0x20000048   Section        5  task_ctrl.o(.data)
    cTime                                    0x20000048   Data           4  task_ctrl.o(.data)
    step                                     0x2000004c   Data           1  task_ctrl.o(.data)
    .bss                                     0x20000050   Section       15  main.o(.bss)
    .bss                                     0x20000060   Section      816  bsp_usart.o(.bss)
    .bss                                     0x20000390   Section       72  bsp_led.o(.bss)
    .bss                                     0x200003d8   Section      116  bsp_adc.o(.bss)
    .bss                                     0x2000044c   Section       72  bsp_tim.o(.bss)
    .bss                                     0x20000494   Section      128  lora.o(.bss)
    .bss                                     0x20000514   Section       96  libspace.o(.bss)
    HEAP                                     0x20000578   Section      512  startup_stm32f103xb.o(HEAP)
    Heap_Mem                                 0x20000578   Data         512  startup_stm32f103xb.o(HEAP)
    STACK                                    0x20000778   Section     1024  startup_stm32f103xb.o(STACK)
    Stack_Mem                                0x20000778   Data        1024  startup_stm32f103xb.o(STACK)
    __initial_sp                             0x20000b78   Data           0  startup_stm32f103xb.o(STACK)

    Global Symbols

    Symbol Name                              Value     Ov Type        Size  Object(Section)

    BuildAttributes$$THM_ISAv4$P$D$K$B$S$PE$A:L22UL41UL21$X:L11$S22US41US21$IEEE1$IW$USESV6$~STKCKD$USESV7$~SHL$OSPACE$ROPI$EBA8$UX$STANDARDLIB$REQ8$PRES8$EABIv2 0x00000000   Number         0  anon$$obj.o ABSOLUTE
    __ARM_use_no_argv                        0x00000000   Number         0  main.o ABSOLUTE
    __ARM_exceptions_init                     - Undefined Weak Reference
    __alloca_initialize                       - Undefined Weak Reference
    __arm_fini_                               - Undefined Weak Reference
    __arm_preinit_                            - Undefined Weak Reference
    __cpp_initialize__aeabi_                  - Undefined Weak Reference
    __cxa_finalize                            - Undefined Weak Reference
    __rt_locale                               - Undefined Weak Reference
    __sigvec_lookup                           - Undefined Weak Reference
    _atexit_init                              - Undefined Weak Reference
    _call_atexit_fns                          - Undefined Weak Reference
    _clock_init                               - Undefined Weak Reference
    _fp_trap_init                             - Undefined Weak Reference
    _fp_trap_shutdown                         - Undefined Weak Reference
    _get_lc_collate                           - Undefined Weak Reference
    _get_lc_ctype                             - Undefined Weak Reference
    _get_lc_monetary                          - Undefined Weak Reference
    _get_lc_numeric                           - Undefined Weak Reference
    _get_lc_time                              - Undefined Weak Reference
    _getenv_init                              - Undefined Weak Reference
    _handle_redirection                       - Undefined Weak Reference
    _init_alloc                               - Undefined Weak Reference
    _init_user_alloc                          - Undefined Weak Reference
    _initio                                   - Undefined Weak Reference
    _rand_init                                - Undefined Weak Reference
    _signal_finish                            - Undefined Weak Reference
    _signal_init                              - Undefined Weak Reference
    _terminate_alloc                          - Undefined Weak Reference
    _terminate_user_alloc                     - Undefined Weak Reference
    _terminateio                              - Undefined Weak Reference
    __Vectors_Size                           0x000000ec   Number         0  startup_stm32f103xb.o ABSOLUTE
    __Vectors                                0x08000000   Data           4  startup_stm32f103xb.o(RESET)
    __Vectors_End                            0x080000ec   Data           0  startup_stm32f103xb.o(RESET)
    __main                                   0x080000ed   Thumb Code     8  __main.o(!!!main)
    __scatterload                            0x080000f5   Thumb Code     0  __scatter.o(!!!scatter)
    __scatterload_rt2                        0x080000f5   Thumb Code    44  __scatter.o(!!!scatter)
    __scatterload_rt2_thumb_only             0x080000f5   Thumb Code     0  __scatter.o(!!!scatter)
    __scatterload_null                       0x08000103   Thumb Code     0  __scatter.o(!!!scatter)
    __scatterload_copy                       0x08000129   Thumb Code    26  __scatter_copy.o(!!handler_copy)
    __scatterload_zeroinit                   0x08000145   Thumb Code    28  __scatter_zi.o(!!handler_zi)
    __rt_lib_init                            0x08000161   Thumb Code     0  libinit.o(.ARM.Collect$$libinit$$00000000)
    __rt_lib_init_alloca_1                   0x08000163   Thumb Code     0  libinit2.o(.ARM.Collect$$libinit$$0000002E)
    __rt_lib_init_argv_1                     0x08000163   Thumb Code     0  libinit2.o(.ARM.Collect$$libinit$$0000002C)
    __rt_lib_init_atexit_1                   0x08000163   Thumb Code     0  libinit2.o(.ARM.Collect$$libinit$$0000001B)
    __rt_lib_init_clock_1                    0x08000163   Thumb Code     0  libinit2.o(.ARM.Collect$$libinit$$00000021)
    __rt_lib_init_cpp_1                      0x08000163   Thumb Code     0  libinit2.o(.ARM.Collect$$libinit$$00000032)
    __rt_lib_init_exceptions_1               0x08000163   Thumb Code     0  libinit2.o(.ARM.Collect$$libinit$$00000030)
    __rt_lib_init_fp_1                       0x08000163   Thumb Code     0  libinit2.o(.ARM.Collect$$libinit$$00000002)
    __rt_lib_init_fp_trap_1                  0x08000163   Thumb Code     0  libinit2.o(.ARM.Collect$$libinit$$0000001F)
    __rt_lib_init_getenv_1                   0x08000163   Thumb Code     0  libinit2.o(.ARM.Collect$$libinit$$00000023)
    __rt_lib_init_heap_1                     0x08000163   Thumb Code     0  libinit2.o(.ARM.Collect$$libinit$$0000000A)
    __rt_lib_init_lc_collate_1               0x08000163   Thumb Code     0  libinit2.o(.ARM.Collect$$libinit$$00000011)
    __rt_lib_init_lc_ctype_1                 0x08000163   Thumb Code     0  libinit2.o(.ARM.Collect$$libinit$$00000013)
    __rt_lib_init_lc_monetary_1              0x08000163   Thumb Code     0  libinit2.o(.ARM.Collect$$libinit$$00000015)
    __rt_lib_init_lc_numeric_1               0x08000163   Thumb Code     0  libinit2.o(.ARM.Collect$$libinit$$00000017)
    __rt_lib_init_lc_time_1                  0x08000163   Thumb Code     0  libinit2.o(.ARM.Collect$$libinit$$00000019)
    __rt_lib_init_preinit_1                  0x08000163   Thumb Code     0  libinit2.o(.ARM.Collect$$libinit$$00000004)
    __rt_lib_init_rand_1                     0x08000163   Thumb Code     0  libinit2.o(.ARM.Collect$$libinit$$0000000E)
    __rt_lib_init_return                     0x08000163   Thumb Code     0  libinit2.o(.ARM.Collect$$libinit$$00000033)
    __rt_lib_init_signal_1                   0x08000163   Thumb Code     0  libinit2.o(.ARM.Collect$$libinit$$0000001D)
    __rt_lib_init_stdio_1                    0x08000163   Thumb Code     0  libinit2.o(.ARM.Collect$$libinit$$00000025)
    __rt_lib_init_user_alloc_1               0x08000163   Thumb Code     0  libinit2.o(.ARM.Collect$$libinit$$0000000C)
    __rt_lib_shutdown                        0x08000165   Thumb Code     0  libshutdown.o(.ARM.Collect$$libshutdown$$00000000)
    __rt_lib_shutdown_cpp_1                  0x08000167   Thumb Code     0  libshutdown2.o(.ARM.Collect$$libshutdown$$00000004)
    __rt_lib_shutdown_fini_1                 0x08000167   Thumb Code     0  libshutdown2.o(.ARM.Collect$$libshutdown$$00000002)
    __rt_lib_shutdown_fp_trap_1              0x08000167   Thumb Code     0  libshutdown2.o(.ARM.Collect$$libshutdown$$00000009)
    __rt_lib_shutdown_heap_1                 0x08000167   Thumb Code     0  libshutdown2.o(.ARM.Collect$$libshutdown$$00000011)
    __rt_lib_shutdown_return                 0x08000167   Thumb Code     0  libshutdown2.o(.ARM.Collect$$libshutdown$$00000012)
    __rt_lib_shutdown_signal_1               0x08000167   Thumb Code     0  libshutdown2.o(.ARM.Collect$$libshutdown$$0000000C)
    __rt_lib_shutdown_stdio_1                0x08000167   Thumb Code     0  libshutdown2.o(.ARM.Collect$$libshutdown$$00000006)
    __rt_lib_shutdown_user_alloc_1           0x08000167   Thumb Code     0  libshutdown2.o(.ARM.Collect$$libshutdown$$0000000E)
    __rt_entry                               0x08000169   Thumb Code     0  __rtentry.o(.ARM.Collect$$rtentry$$00000000)
    __rt_entry_presh_1                       0x08000169   Thumb Code     0  __rtentry2.o(.ARM.Collect$$rtentry$$00000002)
    __rt_entry_sh                            0x08000169   Thumb Code     0  __rtentry4.o(.ARM.Collect$$rtentry$$00000004)
    __rt_entry_li                            0x0800016f   Thumb Code     0  __rtentry2.o(.ARM.Collect$$rtentry$$0000000A)
    __rt_entry_postsh_1                      0x0800016f   Thumb Code     0  __rtentry2.o(.ARM.Collect$$rtentry$$00000009)
    __rt_entry_main                          0x08000173   Thumb Code     0  __rtentry2.o(.ARM.Collect$$rtentry$$0000000D)
    __rt_entry_postli_1                      0x08000173   Thumb Code     0  __rtentry2.o(.ARM.Collect$$rtentry$$0000000C)
    __rt_exit                                0x0800017b   Thumb Code     0  rtexit.o(.ARM.Collect$$rtexit$$00000000)
    __rt_exit_ls                             0x0800017d   Thumb Code     0  rtexit2.o(.ARM.Collect$$rtexit$$00000003)
    __rt_exit_prels_1                        0x0800017d   Thumb Code     0  rtexit2.o(.ARM.Collect$$rtexit$$00000002)
    __rt_exit_exit                           0x08000181   Thumb Code     0  rtexit2.o(.ARM.Collect$$rtexit$$00000004)
    Reset_Handler                            0x08000189   Thumb Code     8  startup_stm32f103xb.o(.text)
    ADC1_2_IRQHandler                        0x080001a3   Thumb Code     0  startup_stm32f103xb.o(.text)
    CAN1_RX1_IRQHandler                      0x080001a3   Thumb Code     0  startup_stm32f103xb.o(.text)
    CAN1_SCE_IRQHandler                      0x080001a3   Thumb Code     0  startup_stm32f103xb.o(.text)
    DMA1_Channel2_IRQHandler                 0x080001a3   Thumb Code     0  startup_stm32f103xb.o(.text)
    DMA1_Channel3_IRQHandler                 0x080001a3   Thumb Code     0  startup_stm32f103xb.o(.text)
    DMA1_Channel4_IRQHandler                 0x080001a3   Thumb Code     0  startup_stm32f103xb.o(.text)
    DMA1_Channel7_IRQHandler                 0x080001a3   Thumb Code     0  startup_stm32f103xb.o(.text)
    EXTI0_IRQHandler                         0x080001a3   Thumb Code     0  startup_stm32f103xb.o(.text)
    EXTI15_10_IRQHandler                     0x080001a3   Thumb Code     0  startup_stm32f103xb.o(.text)
    EXTI1_IRQHandler                         0x080001a3   Thumb Code     0  startup_stm32f103xb.o(.text)
    EXTI2_IRQHandler                         0x080001a3   Thumb Code     0  startup_stm32f103xb.o(.text)
    EXTI3_IRQHandler                         0x080001a3   Thumb Code     0  startup_stm32f103xb.o(.text)
    EXTI4_IRQHandler                         0x080001a3   Thumb Code     0  startup_stm32f103xb.o(.text)
    EXTI9_5_IRQHandler                       0x080001a3   Thumb Code     0  startup_stm32f103xb.o(.text)
    FLASH_IRQHandler                         0x080001a3   Thumb Code     0  startup_stm32f103xb.o(.text)
    I2C1_ER_IRQHandler                       0x080001a3   Thumb Code     0  startup_stm32f103xb.o(.text)
    I2C1_EV_IRQHandler                       0x080001a3   Thumb Code     0  startup_stm32f103xb.o(.text)
    I2C2_ER_IRQHandler                       0x080001a3   Thumb Code     0  startup_stm32f103xb.o(.text)
    I2C2_EV_IRQHandler                       0x080001a3   Thumb Code     0  startup_stm32f103xb.o(.text)
    PVD_IRQHandler                           0x080001a3   Thumb Code     0  startup_stm32f103xb.o(.text)
    RCC_IRQHandler                           0x080001a3   Thumb Code     0  startup_stm32f103xb.o(.text)
    RTC_Alarm_IRQHandler                     0x080001a3   Thumb Code     0  startup_stm32f103xb.o(.text)
    RTC_IRQHandler                           0x080001a3   Thumb Code     0  startup_stm32f103xb.o(.text)
    SPI1_IRQHandler                          0x080001a3   Thumb Code     0  startup_stm32f103xb.o(.text)
    SPI2_IRQHandler                          0x080001a3   Thumb Code     0  startup_stm32f103xb.o(.text)
    TAMPER_IRQHandler                        0x080001a3   Thumb Code     0  startup_stm32f103xb.o(.text)
    TIM1_BRK_IRQHandler                      0x080001a3   Thumb Code     0  startup_stm32f103xb.o(.text)
    TIM1_CC_IRQHandler                       0x080001a3   Thumb Code     0  startup_stm32f103xb.o(.text)
    TIM1_TRG_COM_IRQHandler                  0x080001a3   Thumb Code     0  startup_stm32f103xb.o(.text)
    TIM1_UP_IRQHandler                       0x080001a3   Thumb Code     0  startup_stm32f103xb.o(.text)
    TIM2_IRQHandler                          0x080001a3   Thumb Code     0  startup_stm32f103xb.o(.text)
    TIM3_IRQHandler                          0x080001a3   Thumb Code     0  startup_stm32f103xb.o(.text)
    USART3_IRQHandler                        0x080001a3   Thumb Code     0  startup_stm32f103xb.o(.text)
    USBWakeUp_IRQHandler                     0x080001a3   Thumb Code     0  startup_stm32f103xb.o(.text)
    USB_HP_CAN1_TX_IRQHandler                0x080001a3   Thumb Code     0  startup_stm32f103xb.o(.text)
    USB_LP_CAN1_RX0_IRQHandler               0x080001a3   Thumb Code     0  startup_stm32f103xb.o(.text)
    WWDG_IRQHandler                          0x080001a3   Thumb Code     0  startup_stm32f103xb.o(.text)
    __user_initial_stackheap                 0x080001a5   Thumb Code     0  startup_stm32f103xb.o(.text)
    memcmp                                   0x080001c9   Thumb Code    88  memcmp.o(.text)
    __aeabi_memset                           0x08000221   Thumb Code    16  aeabi_memset.o(.text)
    __aeabi_memclr                           0x08000231   Thumb Code     0  rt_memclr.o(.text)
    __rt_memclr                              0x08000231   Thumb Code    68  rt_memclr.o(.text)
    _memset                                  0x08000235   Thumb Code     0  rt_memclr.o(.text)
    __aeabi_memclr4                          0x08000275   Thumb Code     0  rt_memclr_w.o(.text)
    __aeabi_memclr8                          0x08000275   Thumb Code     0  rt_memclr_w.o(.text)
    __rt_memclr_w                            0x08000275   Thumb Code    78  rt_memclr_w.o(.text)
    _memset_w                                0x08000279   Thumb Code     0  rt_memclr_w.o(.text)
    __use_two_region_memory                  0x080002c3   Thumb Code     2  heapauxi.o(.text)
    __rt_heap_escrow$2region                 0x080002c5   Thumb Code     2  heapauxi.o(.text)
    __rt_heap_expand$2region                 0x080002c7   Thumb Code     2  heapauxi.o(.text)
    __user_setup_stackheap                   0x080002c9   Thumb Code    74  sys_stackheap_outer.o(.text)
    exit                                     0x08000313   Thumb Code    18  exit.o(.text)
    __user_libspace                          0x08000325   Thumb Code     8  libspace.o(.text)
    __user_perproc_libspace                  0x08000325   Thumb Code     0  libspace.o(.text)
    __user_perthread_libspace                0x08000325   Thumb Code     0  libspace.o(.text)
    _sys_exit                                0x0800032d   Thumb Code     8  sys_exit.o(.text)
    __I$use$semihosting                      0x08000339   Thumb Code     0  use_no_semi.o(.text)
    __use_no_semihosting_swi                 0x08000339   Thumb Code     2  use_no_semi.o(.text)
    ADC_ConversionStop_Disable               0x0800033b   Thumb Code    92  stm32f1xx_hal_adc.o(i.ADC_ConversionStop_Disable)
    __semihosting_library_function           0x0800033b   Thumb Code     0  indicate_semi.o(.text)
    ADC_DMAConvCplt                          0x08000397   Thumb Code    82  stm32f1xx_hal_adc.o(i.ADC_DMAConvCplt)
    ADC_DMAError                             0x080003e9   Thumb Code    30  stm32f1xx_hal_adc.o(i.ADC_DMAError)
    ADC_DMAHalfConvCplt                      0x08000407   Thumb Code    14  stm32f1xx_hal_adc.o(i.ADC_DMAHalfConvCplt)
    ADC_Enable                               0x08000415   Thumb Code   134  stm32f1xx_hal_adc.o(i.ADC_Enable)
    AT24CXX_Init                             0x080004a5   Thumb Code    92  24cxx.o(i.AT24CXX_Init)
    AT24CXX_Read                             0x08000509   Thumb Code    34  24cxx.o(i.AT24CXX_Read)
    AT24CXX_ReadOneByte                      0x0800052b   Thumb Code    70  24cxx.o(i.AT24CXX_ReadOneByte)
    AT24CXX_Write                            0x08000571   Thumb Code    36  24cxx.o(i.AT24CXX_Write)
    AT24CXX_WriteOneByte                     0x08000595   Thumb Code    62  24cxx.o(i.AT24CXX_WriteOneByte)
    Bsp_tim4_Init                            0x080005d5   Thumb Code    86  bsp_tim.o(i.Bsp_tim4_Init)
    BusFault_Handler                         0x08000635   Thumb Code     4  stm32f1xx_it.o(i.BusFault_Handler)
    ChannelDetect                            0x08000639   Thumb Code   270  task_ctrl.o(i.ChannelDetect)
    ChannelFire                              0x08000755   Thumb Code   242  task_ctrl.o(i.ChannelFire)
    DMA1_Channel1_IRQHandler                 0x0800085d   Thumb Code    10  stm32f1xx_it.o(i.DMA1_Channel1_IRQHandler)
    DMA1_Channel5_IRQHandler                 0x0800086d   Thumb Code    10  stm32f1xx_it.o(i.DMA1_Channel5_IRQHandler)
    DMA1_Channel6_IRQHandler                 0x0800087d   Thumb Code    10  stm32f1xx_it.o(i.DMA1_Channel6_IRQHandler)
    DMA_Init                                 0x0800088d   Thumb Code    64  bsp_usart.o(i.DMA_Init)
    DebugMon_Handler                         0x080008fd   Thumb Code     2  stm32f1xx_it.o(i.DebugMon_Handler)
    EE_delay                                 0x080008ff   Thumb Code    14  myiic.o(i.EE_delay)
    Error_Handler                            0x0800090d   Thumb Code     6  sys.o(i.Error_Handler)
    HAL_ADCEx_Calibration_Start              0x08000915   Thumb Code   278  stm32f1xx_hal_adc_ex.o(i.HAL_ADCEx_Calibration_Start)
    HAL_ADC_ConfigChannel                    0x08000a31   Thumb Code   338  stm32f1xx_hal_adc.o(i.HAL_ADC_ConfigChannel)
    HAL_ADC_ConvCpltCallback                 0x08000b91   Thumb Code     2  stm32f1xx_hal_adc.o(i.HAL_ADC_ConvCpltCallback)
    HAL_ADC_ConvHalfCpltCallback             0x08000b93   Thumb Code     2  stm32f1xx_hal_adc.o(i.HAL_ADC_ConvHalfCpltCallback)
    HAL_ADC_ErrorCallback                    0x08000b95   Thumb Code     2  stm32f1xx_hal_adc.o(i.HAL_ADC_ErrorCallback)
    HAL_ADC_Init                             0x08000b99   Thumb Code   314  stm32f1xx_hal_adc.o(i.HAL_ADC_Init)
    HAL_ADC_MspInit                          0x08000cdd   Thumb Code   156  bsp_adc.o(i.HAL_ADC_MspInit)
    HAL_ADC_Start_DMA                        0x08000d8d   Thumb Code   362  stm32f1xx_hal_adc.o(i.HAL_ADC_Start_DMA)
    HAL_DMA_Abort                            0x08000f0d   Thumb Code    86  stm32f1xx_hal_dma.o(i.HAL_DMA_Abort)
    HAL_DMA_Abort_IT                         0x08000f65   Thumb Code   172  stm32f1xx_hal_dma.o(i.HAL_DMA_Abort_IT)
    HAL_DMA_IRQHandler                       0x08001015   Thumb Code   408  stm32f1xx_hal_dma.o(i.HAL_DMA_IRQHandler)
    HAL_DMA_Init                             0x080011b1   Thumb Code   100  stm32f1xx_hal_dma.o(i.HAL_DMA_Init)
    HAL_DMA_Start_IT                         0x08001219   Thumb Code   156  stm32f1xx_hal_dma.o(i.HAL_DMA_Start_IT)
    HAL_Delay                                0x080012b5   Thumb Code    36  stm32f1xx_hal.o(i.HAL_Delay)
    HAL_GPIO_Init                            0x080012dd   Thumb Code   766  stm32f1xx_hal_gpio.o(i.HAL_GPIO_Init)
    HAL_GPIO_WritePin                        0x080015fd   Thumb Code    12  stm32f1xx_hal_gpio.o(i.HAL_GPIO_WritePin)
    HAL_GetTick                              0x08001609   Thumb Code     6  stm32f1xx_hal.o(i.HAL_GetTick)
    HAL_IncTick                              0x08001615   Thumb Code    16  stm32f1xx_hal.o(i.HAL_IncTick)
    HAL_Init                                 0x0800162d   Thumb Code    34  stm32f1xx_hal.o(i.HAL_Init)
    HAL_InitTick                             0x08001655   Thumb Code    64  stm32f1xx_hal.o(i.HAL_InitTick)
    HAL_MspInit                              0x080016a1   Thumb Code    76  stm32f1xx_hal_msp.o(i.HAL_MspInit)
    HAL_NVIC_EnableIRQ                       0x080016f5   Thumb Code    32  stm32f1xx_hal_cortex.o(i.HAL_NVIC_EnableIRQ)
    HAL_NVIC_SetPriority                     0x08001715   Thumb Code   124  stm32f1xx_hal_cortex.o(i.HAL_NVIC_SetPriority)
    HAL_NVIC_SetPriorityGrouping             0x08001791   Thumb Code    32  stm32f1xx_hal_cortex.o(i.HAL_NVIC_SetPriorityGrouping)
    HAL_RCCEx_GetPeriphCLKFreq               0x080017b9   Thumb Code   232  stm32f1xx_hal_rcc_ex.o(i.HAL_RCCEx_GetPeriphCLKFreq)
    HAL_RCCEx_PeriphCLKConfig                0x080018b5   Thumb Code   290  stm32f1xx_hal_rcc_ex.o(i.HAL_RCCEx_PeriphCLKConfig)
    HAL_RCC_ClockConfig                      0x080019e5   Thumb Code   376  stm32f1xx_hal_rcc.o(i.HAL_RCC_ClockConfig)
    HAL_RCC_GetHCLKFreq                      0x08001b71   Thumb Code     6  stm32f1xx_hal_rcc.o(i.HAL_RCC_GetHCLKFreq)
    HAL_RCC_GetPCLK1Freq                     0x08001b7d   Thumb Code    22  stm32f1xx_hal_rcc.o(i.HAL_RCC_GetPCLK1Freq)
    HAL_RCC_GetPCLK2Freq                     0x08001b9d   Thumb Code    22  stm32f1xx_hal_rcc.o(i.HAL_RCC_GetPCLK2Freq)
    HAL_RCC_GetSysClockFreq                  0x08001bbd   Thumb Code    92  stm32f1xx_hal_rcc.o(i.HAL_RCC_GetSysClockFreq)
    HAL_RCC_OscConfig                        0x08001c2d   Thumb Code  1114  stm32f1xx_hal_rcc.o(i.HAL_RCC_OscConfig)
    HAL_SYSTICK_Config                       0x08002091   Thumb Code    52  stm32f1xx_hal_cortex.o(i.HAL_SYSTICK_Config)
    HAL_TIMEx_BreakCallback                  0x080020c5   Thumb Code     2  stm32f1xx_hal_tim_ex.o(i.HAL_TIMEx_BreakCallback)
    HAL_TIMEx_CommutCallback                 0x080020c7   Thumb Code     2  stm32f1xx_hal_tim_ex.o(i.HAL_TIMEx_CommutCallback)
    HAL_TIMEx_MasterConfigSynchronization    0x080020c9   Thumb Code   118  stm32f1xx_hal_tim_ex.o(i.HAL_TIMEx_MasterConfigSynchronization)
    HAL_TIM_Base_Init                        0x0800214d   Thumb Code   102  stm32f1xx_hal_tim.o(i.HAL_TIM_Base_Init)
    HAL_TIM_Base_MspInit                     0x080021b5   Thumb Code    58  bsp_tim.o(i.HAL_TIM_Base_MspInit)
    HAL_TIM_Base_Start_IT                    0x080021f9   Thumb Code   106  stm32f1xx_hal_tim.o(i.HAL_TIM_Base_Start_IT)
    HAL_TIM_IC_CaptureCallback               0x08002271   Thumb Code     2  stm32f1xx_hal_tim.o(i.HAL_TIM_IC_CaptureCallback)
    HAL_TIM_IRQHandler                       0x08002273   Thumb Code   364  stm32f1xx_hal_tim.o(i.HAL_TIM_IRQHandler)
    HAL_TIM_OC_DelayElapsedCallback          0x080023df   Thumb Code     2  stm32f1xx_hal_tim.o(i.HAL_TIM_OC_DelayElapsedCallback)
    HAL_TIM_PWM_PulseFinishedCallback        0x080023e1   Thumb Code     2  stm32f1xx_hal_tim.o(i.HAL_TIM_PWM_PulseFinishedCallback)
    HAL_TIM_PeriodElapsedCallback            0x080023e5   Thumb Code    46  bsp_tim.o(i.HAL_TIM_PeriodElapsedCallback)
    HAL_TIM_TriggerCallback                  0x08002421   Thumb Code     2  stm32f1xx_hal_tim.o(i.HAL_TIM_TriggerCallback)
    HAL_UARTEx_RxEventCallback               0x08002423   Thumb Code     2  stm32f1xx_hal_uart.o(i.HAL_UARTEx_RxEventCallback)
    HAL_UART_DMAStop                         0x08002425   Thumb Code   138  stm32f1xx_hal_uart.o(i.HAL_UART_DMAStop)
    HAL_UART_ErrorCallback                   0x080024af   Thumb Code     2  stm32f1xx_hal_uart.o(i.HAL_UART_ErrorCallback)
    HAL_UART_IRQHandler                      0x080024b1   Thumb Code   736  stm32f1xx_hal_uart.o(i.HAL_UART_IRQHandler)
    HAL_UART_Init                            0x08002795   Thumb Code   118  stm32f1xx_hal_uart.o(i.HAL_UART_Init)
    HAL_UART_MspInit                         0x0800280d   Thumb Code   358  bsp_usart.o(i.HAL_UART_MspInit)
    HAL_UART_Receive_DMA                     0x08002991   Thumb Code    44  stm32f1xx_hal_uart.o(i.HAL_UART_Receive_DMA)
    HAL_UART_RxCpltCallback                  0x080029bd   Thumb Code     2  stm32f1xx_hal_uart.o(i.HAL_UART_RxCpltCallback)
    HAL_UART_RxHalfCpltCallback              0x080029bf   Thumb Code     2  stm32f1xx_hal_uart.o(i.HAL_UART_RxHalfCpltCallback)
    HAL_UART_Transmit                        0x080029c1   Thumb Code   190  stm32f1xx_hal_uart.o(i.HAL_UART_Transmit)
    HAL_UART_TxCpltCallback                  0x08002a7f   Thumb Code     2  stm32f1xx_hal_uart.o(i.HAL_UART_TxCpltCallback)
    HardFault_Handler                        0x08002a81   Thumb Code     4  stm32f1xx_it.o(i.HardFault_Handler)
    I2C_Init                                 0x08002a85   Thumb Code    82  myiic.o(i.I2C_Init)
    I2C_Send_Byte                            0x08002ae1   Thumb Code    80  myiic.o(i.I2C_Send_Byte)
    I2C_Start                                0x08002b35   Thumb Code    42  myiic.o(i.I2C_Start)
    I2C_Stop                                 0x08002b65   Thumb Code    32  myiic.o(i.I2C_Stop)
    I2C_Wait_Ack                             0x08002b89   Thumb Code    56  myiic.o(i.I2C_Wait_Ack)
    IIC_Ack                                  0x08002bc5   Thumb Code    62  24cxx.o(i.IIC_Ack)
    IIC_NAck                                 0x08002c09   Thumb Code    60  24cxx.o(i.IIC_NAck)
    IIC_Read_Byte                            0x08002c49   Thumb Code    88  24cxx.o(i.IIC_Read_Byte)
    IIC_Send_Byte                            0x08002ca5   Thumb Code   104  24cxx.o(i.IIC_Send_Byte)
    IIC_Start                                0x08002d11   Thumb Code    60  24cxx.o(i.IIC_Start)
    IIC_Stop                                 0x08002d51   Thumb Code    60  24cxx.o(i.IIC_Stop)
    IIC_Wait_Ack                             0x08002d91   Thumb Code    84  24cxx.o(i.IIC_Wait_Ack)
    LedInit                                  0x08002de9   Thumb Code    70  bsp_led.o(i.LedInit)
    LedPwmDutySet                            0x08002e39   Thumb Code    32  bsp_led.o(i.LedPwmDutySet)
    LedRefresh                               0x08002e59   Thumb Code   124  bsp_led.o(i.LedRefresh)
    LedSet                                   0x08002edd   Thumb Code    36  bsp_led.o(i.LedSet)
    LedWrite                                 0x08002f01   Thumb Code    46  bsp_led.o(i.LedWrite)
    LedWriteMulti                            0x08002f2f   Thumb Code    64  bsp_led.o(i.LedWriteMulti)
    LoraInit                                 0x08002f71   Thumb Code    48  lora.o(i.LoraInit)
    LoraWriteParam                           0x08002fad   Thumb Code    86  lora.o(i.LoraWriteParam)
    MemManage_Handler                        0x08003009   Thumb Code     4  stm32f1xx_it.o(i.MemManage_Handler)
    NMI_Handler                              0x0800300d   Thumb Code     4  stm32f1xx_it.o(i.NMI_Handler)
    PendSV_Handler                           0x08003011   Thumb Code     2  stm32f1xx_it.o(i.PendSV_Handler)
    SVC_Handler                              0x0800303d   Thumb Code     2  stm32f1xx_it.o(i.SVC_Handler)
    SysTick_Handler                          0x0800303f   Thumb Code     8  stm32f1xx_it.o(i.SysTick_Handler)
    SystemClock_Config                       0x08003047   Thumb Code   134  sys.o(i.SystemClock_Config)
    SystemInit                               0x080030cd   Thumb Code     2  system_stm32f1xx.o(i.SystemInit)
    TIM4_IRQHandler                          0x080030d1   Thumb Code    10  bsp_tim.o(i.TIM4_IRQHandler)
    TIM_Base_SetConfig                       0x080030e1   Thumb Code   120  stm32f1xx_hal_tim.o(i.TIM_Base_SetConfig)
    TimerGet1ms                              0x08003165   Thumb Code     6  bsp_tim.o(i.TimerGet1ms)
    TimerGet1s                               0x08003171   Thumb Code     6  bsp_tim.o(i.TimerGet1s)
    UART_Start_Receive_DMA                   0x08003565   Thumb Code   186  stm32f1xx_hal_uart.o(i.UART_Start_Receive_DMA)
    USART1_IRQHandler                        0x08003719   Thumb Code    86  bsp_usart.o(i.USART1_IRQHandler)
    USART1_UART_Init                         0x0800377d   Thumb Code   100  bsp_usart.o(i.USART1_UART_Init)
    USART2_IRQHandler                        0x080037ed   Thumb Code    86  bsp_usart.o(i.USART2_IRQHandler)
    USART2_UART_Init                         0x08003851   Thumb Code   100  bsp_usart.o(i.USART2_UART_Init)
    UsageFault_Handler                       0x080038c1   Thumb Code     4  stm32f1xx_it.o(i.UsageFault_Handler)
    bsp_InitAdc                              0x080038fd   Thumb Code   144  bsp_adc.o(i.bsp_InitAdc)
    bsp_InitGpio                             0x0800399d   Thumb Code   492  bsp_gpio.o(i.bsp_InitGpio)
    bsp_usartInit                            0x08003b99   Thumb Code    52  bsp_usart.o(i.bsp_usartInit)
    delay_ms                                 0x08003bdd   Thumb Code    36  delay.o(i.delay_ms)
    delay_us                                 0x08003c05   Thumb Code    20  delay.o(i.delay_us)
    loraSendData                             0x08003c19   Thumb Code    22  lora.o(i.loraSendData)
    main                                     0x08003c35   Thumb Code   178  main.o(i.main)
    AHBPrescTable                            0x08003d28   Data          16  system_stm32f1xx.o(.constdata)
    APBPrescTable                            0x08003d38   Data           8  system_stm32f1xx.o(.constdata)
    Region$$Table$$Base                      0x08003d40   Number         0  anon$$obj.o(Region$$Table)
    Region$$Table$$Limit                     0x08003d60   Number         0  anon$$obj.o(Region$$Table)
    test                                     0x20000000   Data           1  main.o(.data)
    test_data                                0x20000001   Data           1  main.o(.data)
    preTb1s                                  0x20000004   Data           4  main.o(.data)
    channelStatus                            0x20000008   Data           6  main.o(.data)
    fireChannel                              0x2000000e   Data           6  main.o(.data)
    flagFire                                 0x20000014   Data           1  main.o(.data)
    uwTick                                   0x20000018   Data           4  stm32f1xx_hal.o(.data)
    uwTickPrio                               0x2000001c   Data           4  stm32f1xx_hal.o(.data)
    uwTickFreq                               0x20000020   Data           1  stm32f1xx_hal.o(.data)
    SystemCoreClock                          0x20000024   Data           4  system_stm32f1xx.o(.data)
    status_color                             0x20000028   Data           5  bsp_led.o(.data)
    adcValue                                 0x20000034   Data           4  bsp_adc.o(.data)
    loraParam                                0x20000040   Data           8  lora.o(.data)
    test_buf                                 0x20000050   Data          15  main.o(.bss)
    huart1                                   0x20000060   Data          72  bsp_usart.o(.bss)
    huart2                                   0x200000a8   Data          72  bsp_usart.o(.bss)
    hdma_usart1_rx                           0x200000f0   Data          68  bsp_usart.o(.bss)
    hdma_usart2_rx                           0x20000134   Data          68  bsp_usart.o(.bss)
    usart1                                   0x20000178   Data          12  bsp_usart.o(.bss)
    usart2                                   0x20000184   Data          12  bsp_usart.o(.bss)
    usart1Rxbuf                              0x20000190   Data         256  bsp_usart.o(.bss)
    usart2Rxbuf                              0x20000290   Data         256  bsp_usart.o(.bss)
    pwmDuty                                  0x20000390   Data          36  bsp_led.o(.bss)
    ledCtrl                                  0x200003b4   Data          36  bsp_led.o(.bss)
    hadc1                                    0x200003d8   Data          48  bsp_adc.o(.bss)
    hdma_adc1                                0x20000408   Data          68  bsp_adc.o(.bss)
    htim4                                    0x2000044c   Data          72  bsp_tim.o(.bss)
    loraSendBuf                              0x20000494   Data         128  lora.o(.bss)
    __libspace_start                         0x20000514   Data          96  libspace.o(.bss)
    __temporary_stack_top$libspace           0x20000574   Data           0  libspace.o(.bss)



==============================================================================

Memory Map of the image

  Image Entry point : 0x080000ed

  Load Region LR_IROM1 (Base: 0x08000000, Size: 0x00003db0, Max: 0x00010000, ABSOLUTE)

    Execution Region ER_IROM1 (Exec base: 0x08000000, Load base: 0x08000000, Size: 0x00003d60, Max: 0x00010000, ABSOLUTE)

    Exec Addr    Load Addr    Size         Type   Attr      Idx    E Section Name        Object

    0x08000000   0x08000000   0x000000ec   Data   RO            3    RESET               startup_stm32f103xb.o
    0x080000ec   0x080000ec   0x00000008   Code   RO         3715  * !!!main             c_w.l(__main.o)
    0x080000f4   0x080000f4   0x00000034   Code   RO         3905    !!!scatter          c_w.l(__scatter.o)
    0x08000128   0x08000128   0x0000001a   Code   RO         3907    !!handler_copy      c_w.l(__scatter_copy.o)
    0x08000142   0x08000142   0x00000002   PAD
    0x08000144   0x08000144   0x0000001c   Code   RO         3909    !!handler_zi        c_w.l(__scatter_zi.o)
    0x08000160   0x08000160   0x00000002   Code   RO         3773    .ARM.Collect$$libinit$$00000000  c_w.l(libinit.o)
    0x08000162   0x08000162   0x00000000   Code   RO         3780    .ARM.Collect$$libinit$$00000002  c_w.l(libinit2.o)
    0x08000162   0x08000162   0x00000000   Code   RO         3782    .ARM.Collect$$libinit$$00000004  c_w.l(libinit2.o)
    0x08000162   0x08000162   0x00000000   Code   RO         3785    .ARM.Collect$$libinit$$0000000A  c_w.l(libinit2.o)
    0x08000162   0x08000162   0x00000000   Code   RO         3787    .ARM.Collect$$libinit$$0000000C  c_w.l(libinit2.o)
    0x08000162   0x08000162   0x00000000   Code   RO         3789    .ARM.Collect$$libinit$$0000000E  c_w.l(libinit2.o)
    0x08000162   0x08000162   0x00000000   Code   RO         3792    .ARM.Collect$$libinit$$00000011  c_w.l(libinit2.o)
    0x08000162   0x08000162   0x00000000   Code   RO         3794    .ARM.Collect$$libinit$$00000013  c_w.l(libinit2.o)
    0x08000162   0x08000162   0x00000000   Code   RO         3796    .ARM.Collect$$libinit$$00000015  c_w.l(libinit2.o)
    0x08000162   0x08000162   0x00000000   Code   RO         3798    .ARM.Collect$$libinit$$00000017  c_w.l(libinit2.o)
    0x08000162   0x08000162   0x00000000   Code   RO         3800    .ARM.Collect$$libinit$$00000019  c_w.l(libinit2.o)
    0x08000162   0x08000162   0x00000000   Code   RO         3802    .ARM.Collect$$libinit$$0000001B  c_w.l(libinit2.o)
    0x08000162   0x08000162   0x00000000   Code   RO         3804    .ARM.Collect$$libinit$$0000001D  c_w.l(libinit2.o)
    0x08000162   0x08000162   0x00000000   Code   RO         3806    .ARM.Collect$$libinit$$0000001F  c_w.l(libinit2.o)
    0x08000162   0x08000162   0x00000000   Code   RO         3808    .ARM.Collect$$libinit$$00000021  c_w.l(libinit2.o)
    0x08000162   0x08000162   0x00000000   Code   RO         3810    .ARM.Collect$$libinit$$00000023  c_w.l(libinit2.o)
    0x08000162   0x08000162   0x00000000   Code   RO         3812    .ARM.Collect$$libinit$$00000025  c_w.l(libinit2.o)
    0x08000162   0x08000162   0x00000000   Code   RO         3816    .ARM.Collect$$libinit$$0000002C  c_w.l(libinit2.o)
    0x08000162   0x08000162   0x00000000   Code   RO         3818    .ARM.Collect$$libinit$$0000002E  c_w.l(libinit2.o)
    0x08000162   0x08000162   0x00000000   Code   RO         3820    .ARM.Collect$$libinit$$00000030  c_w.l(libinit2.o)
    0x08000162   0x08000162   0x00000000   Code   RO         3822    .ARM.Collect$$libinit$$00000032  c_w.l(libinit2.o)
    0x08000162   0x08000162   0x00000002   Code   RO         3823    .ARM.Collect$$libinit$$00000033  c_w.l(libinit2.o)
    0x08000164   0x08000164   0x00000002   Code   RO         3843    .ARM.Collect$$libshutdown$$00000000  c_w.l(libshutdown.o)
    0x08000166   0x08000166   0x00000000   Code   RO         3856    .ARM.Collect$$libshutdown$$00000002  c_w.l(libshutdown2.o)
    0x08000166   0x08000166   0x00000000   Code   RO         3858    .ARM.Collect$$libshutdown$$00000004  c_w.l(libshutdown2.o)
    0x08000166   0x08000166   0x00000000   Code   RO         3860    .ARM.Collect$$libshutdown$$00000006  c_w.l(libshutdown2.o)
    0x08000166   0x08000166   0x00000000   Code   RO         3863    .ARM.Collect$$libshutdown$$00000009  c_w.l(libshutdown2.o)
    0x08000166   0x08000166   0x00000000   Code   RO         3866    .ARM.Collect$$libshutdown$$0000000C  c_w.l(libshutdown2.o)
    0x08000166   0x08000166   0x00000000   Code   RO         3868    .ARM.Collect$$libshutdown$$0000000E  c_w.l(libshutdown2.o)
    0x08000166   0x08000166   0x00000000   Code   RO         3871    .ARM.Collect$$libshutdown$$00000011  c_w.l(libshutdown2.o)
    0x08000166   0x08000166   0x00000002   Code   RO         3872    .ARM.Collect$$libshutdown$$00000012  c_w.l(libshutdown2.o)
    0x08000168   0x08000168   0x00000000   Code   RO         3739    .ARM.Collect$$rtentry$$00000000  c_w.l(__rtentry.o)
    0x08000168   0x08000168   0x00000000   Code   RO         3750    .ARM.Collect$$rtentry$$00000002  c_w.l(__rtentry2.o)
    0x08000168   0x08000168   0x00000006   Code   RO         3762    .ARM.Collect$$rtentry$$00000004  c_w.l(__rtentry4.o)
    0x0800016e   0x0800016e   0x00000000   Code   RO         3752    .ARM.Collect$$rtentry$$00000009  c_w.l(__rtentry2.o)
    0x0800016e   0x0800016e   0x00000004   Code   RO         3753    .ARM.Collect$$rtentry$$0000000A  c_w.l(__rtentry2.o)
    0x08000172   0x08000172   0x00000000   Code   RO         3755    .ARM.Collect$$rtentry$$0000000C  c_w.l(__rtentry2.o)
    0x08000172   0x08000172   0x00000008   Code   RO         3756    .ARM.Collect$$rtentry$$0000000D  c_w.l(__rtentry2.o)
    0x0800017a   0x0800017a   0x00000002   Code   RO         3777    .ARM.Collect$$rtexit$$00000000  c_w.l(rtexit.o)
    0x0800017c   0x0800017c   0x00000000   Code   RO         3825    .ARM.Collect$$rtexit$$00000002  c_w.l(rtexit2.o)
    0x0800017c   0x0800017c   0x00000004   Code   RO         3826    .ARM.Collect$$rtexit$$00000003  c_w.l(rtexit2.o)
    0x08000180   0x08000180   0x00000006   Code   RO         3827    .ARM.Collect$$rtexit$$00000004  c_w.l(rtexit2.o)
    0x08000186   0x08000186   0x00000002   PAD
    0x08000188   0x08000188   0x00000040   Code   RO            4    .text               startup_stm32f103xb.o
    0x080001c8   0x080001c8   0x00000058   Code   RO         3705    .text               c_w.l(memcmp.o)
    0x08000220   0x08000220   0x00000010   Code   RO         3707    .text               c_w.l(aeabi_memset.o)
    0x08000230   0x08000230   0x00000044   Code   RO         3709    .text               c_w.l(rt_memclr.o)
    0x08000274   0x08000274   0x0000004e   Code   RO         3711    .text               c_w.l(rt_memclr_w.o)
    0x080002c2   0x080002c2   0x00000006   Code   RO         3713    .text               c_w.l(heapauxi.o)
    0x080002c8   0x080002c8   0x0000004a   Code   RO         3764    .text               c_w.l(sys_stackheap_outer.o)
    0x08000312   0x08000312   0x00000012   Code   RO         3766    .text               c_w.l(exit.o)
    0x08000324   0x08000324   0x00000008   Code   RO         3774    .text               c_w.l(libspace.o)
    0x0800032c   0x0800032c   0x0000000c   Code   RO         3835    .text               c_w.l(sys_exit.o)
    0x08000338   0x08000338   0x00000002   Code   RO         3846    .text               c_w.l(use_no_semi.o)
    0x0800033a   0x0800033a   0x00000000   Code   RO         3848    .text               c_w.l(indicate_semi.o)
    0x0800033a   0x0800033a   0x0000005c   Code   RO         2692    i.ADC_ConversionStop_Disable  stm32f1xx_hal_adc.o
    0x08000396   0x08000396   0x00000052   Code   RO         2693    i.ADC_DMAConvCplt   stm32f1xx_hal_adc.o
    0x080003e8   0x080003e8   0x0000001e   Code   RO         2694    i.ADC_DMAError      stm32f1xx_hal_adc.o
    0x08000406   0x08000406   0x0000000e   Code   RO         2695    i.ADC_DMAHalfConvCplt  stm32f1xx_hal_adc.o
    0x08000414   0x08000414   0x00000090   Code   RO         2696    i.ADC_Enable        stm32f1xx_hal_adc.o
    0x080004a4   0x080004a4   0x00000064   Code   RO         3006    i.AT24CXX_Init      24cxx.o
    0x08000508   0x08000508   0x00000022   Code   RO         3007    i.AT24CXX_Read      24cxx.o
    0x0800052a   0x0800052a   0x00000046   Code   RO         3009    i.AT24CXX_ReadOneByte  24cxx.o
    0x08000570   0x08000570   0x00000024   Code   RO         3010    i.AT24CXX_Write     24cxx.o
    0x08000594   0x08000594   0x0000003e   Code   RO         3012    i.AT24CXX_WriteOneByte  24cxx.o
    0x080005d2   0x080005d2   0x00000002   PAD
    0x080005d4   0x080005d4   0x00000060   Code   RO         3494    i.Bsp_tim4_Init     bsp_tim.o
    0x08000634   0x08000634   0x00000004   Code   RO          169    i.BusFault_Handler  stm32f1xx_it.o
    0x08000638   0x08000638   0x0000011c   Code   RO         3645    i.ChannelDetect     task_ctrl.o
    0x08000754   0x08000754   0x00000108   Code   RO         3646    i.ChannelFire       task_ctrl.o
    0x0800085c   0x0800085c   0x00000010   Code   RO          170    i.DMA1_Channel1_IRQHandler  stm32f1xx_it.o
    0x0800086c   0x0800086c   0x00000010   Code   RO          171    i.DMA1_Channel5_IRQHandler  stm32f1xx_it.o
    0x0800087c   0x0800087c   0x00000010   Code   RO          172    i.DMA1_Channel6_IRQHandler  stm32f1xx_it.o
    0x0800088c   0x0800088c   0x00000044   Code   RO         3276    i.DMA_Init          bsp_usart.o
    0x080008d0   0x080008d0   0x0000002c   Code   RO         1696    i.DMA_SetConfig     stm32f1xx_hal_dma.o
    0x080008fc   0x080008fc   0x00000002   Code   RO          173    i.DebugMon_Handler  stm32f1xx_it.o
    0x080008fe   0x080008fe   0x0000000e   Code   RO         3167    i.EE_delay          myiic.o
    0x0800090c   0x0800090c   0x00000006   Code   RO         3242    i.Error_Handler     sys.o
    0x08000912   0x08000912   0x00000002   PAD
    0x08000914   0x08000914   0x0000011c   Code   RO         2872    i.HAL_ADCEx_Calibration_Start  stm32f1xx_hal_adc_ex.o
    0x08000a30   0x08000a30   0x00000160   Code   RO         2698    i.HAL_ADC_ConfigChannel  stm32f1xx_hal_adc.o
    0x08000b90   0x08000b90   0x00000002   Code   RO         2699    i.HAL_ADC_ConvCpltCallback  stm32f1xx_hal_adc.o
    0x08000b92   0x08000b92   0x00000002   Code   RO         2700    i.HAL_ADC_ConvHalfCpltCallback  stm32f1xx_hal_adc.o
    0x08000b94   0x08000b94   0x00000002   Code   RO         2702    i.HAL_ADC_ErrorCallback  stm32f1xx_hal_adc.o
    0x08000b96   0x08000b96   0x00000002   PAD
    0x08000b98   0x08000b98   0x00000144   Code   RO         2707    i.HAL_ADC_Init      stm32f1xx_hal_adc.o
    0x08000cdc   0x08000cdc   0x000000b0   Code   RO         3444    i.HAL_ADC_MspInit   bsp_adc.o
    0x08000d8c   0x08000d8c   0x00000180   Code   RO         2714    i.HAL_ADC_Start_DMA  stm32f1xx_hal_adc.o
    0x08000f0c   0x08000f0c   0x00000056   Code   RO         1697    i.HAL_DMA_Abort     stm32f1xx_hal_dma.o
    0x08000f62   0x08000f62   0x00000002   PAD
    0x08000f64   0x08000f64   0x000000b0   Code   RO         1698    i.HAL_DMA_Abort_IT  stm32f1xx_hal_dma.o
    0x08001014   0x08001014   0x0000019c   Code   RO         1702    i.HAL_DMA_IRQHandler  stm32f1xx_hal_dma.o
    0x080011b0   0x080011b0   0x00000068   Code   RO         1703    i.HAL_DMA_Init      stm32f1xx_hal_dma.o
    0x08001218   0x08001218   0x0000009c   Code   RO         1707    i.HAL_DMA_Start_IT  stm32f1xx_hal_dma.o
    0x080012b4   0x080012b4   0x00000028   Code   RO         1318    i.HAL_Delay         stm32f1xx_hal.o
    0x080012dc   0x080012dc   0x00000320   Code   RO         1633    i.HAL_GPIO_Init     stm32f1xx_hal_gpio.o
    0x080015fc   0x080015fc   0x0000000c   Code   RO         1637    i.HAL_GPIO_WritePin  stm32f1xx_hal_gpio.o
    0x08001608   0x08001608   0x0000000c   Code   RO         1322    i.HAL_GetTick       stm32f1xx_hal.o
    0x08001614   0x08001614   0x00000018   Code   RO         1328    i.HAL_IncTick       stm32f1xx_hal.o
    0x0800162c   0x0800162c   0x00000028   Code   RO         1329    i.HAL_Init          stm32f1xx_hal.o
    0x08001654   0x08001654   0x0000004c   Code   RO         1330    i.HAL_InitTick      stm32f1xx_hal.o
    0x080016a0   0x080016a0   0x00000054   Code   RO          267    i.HAL_MspInit       stm32f1xx_hal_msp.o
    0x080016f4   0x080016f4   0x00000020   Code   RO         1793    i.HAL_NVIC_EnableIRQ  stm32f1xx_hal_cortex.o
    0x08001714   0x08001714   0x0000007c   Code   RO         1799    i.HAL_NVIC_SetPriority  stm32f1xx_hal_cortex.o
    0x08001790   0x08001790   0x00000028   Code   RO         1800    i.HAL_NVIC_SetPriorityGrouping  stm32f1xx_hal_cortex.o
    0x080017b8   0x080017b8   0x000000fc   Code   RO         1594    i.HAL_RCCEx_GetPeriphCLKFreq  stm32f1xx_hal_rcc_ex.o
    0x080018b4   0x080018b4   0x00000130   Code   RO         1595    i.HAL_RCCEx_PeriphCLKConfig  stm32f1xx_hal_rcc_ex.o
    0x080019e4   0x080019e4   0x0000018c   Code   RO         1486    i.HAL_RCC_ClockConfig  stm32f1xx_hal_rcc.o
    0x08001b70   0x08001b70   0x0000000c   Code   RO         1491    i.HAL_RCC_GetHCLKFreq  stm32f1xx_hal_rcc.o
    0x08001b7c   0x08001b7c   0x00000020   Code   RO         1493    i.HAL_RCC_GetPCLK1Freq  stm32f1xx_hal_rcc.o
    0x08001b9c   0x08001b9c   0x00000020   Code   RO         1494    i.HAL_RCC_GetPCLK2Freq  stm32f1xx_hal_rcc.o
    0x08001bbc   0x08001bbc   0x00000070   Code   RO         1495    i.HAL_RCC_GetSysClockFreq  stm32f1xx_hal_rcc.o
    0x08001c2c   0x08001c2c   0x00000464   Code   RO         1498    i.HAL_RCC_OscConfig  stm32f1xx_hal_rcc.o
    0x08002090   0x08002090   0x00000034   Code   RO         1804    i.HAL_SYSTICK_Config  stm32f1xx_hal_cortex.o
    0x080020c4   0x080020c4   0x00000002   Code   RO         1044    i.HAL_TIMEx_BreakCallback  stm32f1xx_hal_tim_ex.o
    0x080020c6   0x080020c6   0x00000002   Code   RO         1045    i.HAL_TIMEx_CommutCallback  stm32f1xx_hal_tim_ex.o
    0x080020c8   0x080020c8   0x00000084   Code   RO         1063    i.HAL_TIMEx_MasterConfigSynchronization  stm32f1xx_hal_tim_ex.o
    0x0800214c   0x0800214c   0x00000066   Code   RO          329    i.HAL_TIM_Base_Init  stm32f1xx_hal_tim.o
    0x080021b2   0x080021b2   0x00000002   PAD
    0x080021b4   0x080021b4   0x00000044   Code   RO         3496    i.HAL_TIM_Base_MspInit  bsp_tim.o
    0x080021f8   0x080021f8   0x00000078   Code   RO          334    i.HAL_TIM_Base_Start_IT  stm32f1xx_hal_tim.o
    0x08002270   0x08002270   0x00000002   Code   RO          363    i.HAL_TIM_IC_CaptureCallback  stm32f1xx_hal_tim.o
    0x08002272   0x08002272   0x0000016c   Code   RO          377    i.HAL_TIM_IRQHandler  stm32f1xx_hal_tim.o
    0x080023de   0x080023de   0x00000002   Code   RO          380    i.HAL_TIM_OC_DelayElapsedCallback  stm32f1xx_hal_tim.o
    0x080023e0   0x080023e0   0x00000002   Code   RO          407    i.HAL_TIM_PWM_PulseFinishedCallback  stm32f1xx_hal_tim.o
    0x080023e2   0x080023e2   0x00000002   PAD
    0x080023e4   0x080023e4   0x0000003c   Code   RO         3497    i.HAL_TIM_PeriodElapsedCallback  bsp_tim.o
    0x08002420   0x08002420   0x00000002   Code   RO          420    i.HAL_TIM_TriggerCallback  stm32f1xx_hal_tim.o
    0x08002422   0x08002422   0x00000002   Code   RO         2331    i.HAL_UARTEx_RxEventCallback  stm32f1xx_hal_uart.o
    0x08002424   0x08002424   0x0000008a   Code   RO         2343    i.HAL_UART_DMAStop  stm32f1xx_hal_uart.o
    0x080024ae   0x080024ae   0x00000002   Code   RO         2345    i.HAL_UART_ErrorCallback  stm32f1xx_hal_uart.o
    0x080024b0   0x080024b0   0x000002e4   Code   RO         2348    i.HAL_UART_IRQHandler  stm32f1xx_hal_uart.o
    0x08002794   0x08002794   0x00000076   Code   RO         2349    i.HAL_UART_Init     stm32f1xx_hal_uart.o
    0x0800280a   0x0800280a   0x00000002   PAD
    0x0800280c   0x0800280c   0x00000184   Code   RO         3278    i.HAL_UART_MspInit  bsp_usart.o
    0x08002990   0x08002990   0x0000002c   Code   RO         2353    i.HAL_UART_Receive_DMA  stm32f1xx_hal_uart.o
    0x080029bc   0x080029bc   0x00000002   Code   RO         2355    i.HAL_UART_RxCpltCallback  stm32f1xx_hal_uart.o
    0x080029be   0x080029be   0x00000002   Code   RO         2356    i.HAL_UART_RxHalfCpltCallback  stm32f1xx_hal_uart.o
    0x080029c0   0x080029c0   0x000000be   Code   RO         2357    i.HAL_UART_Transmit  stm32f1xx_hal_uart.o
    0x08002a7e   0x08002a7e   0x00000002   Code   RO         2360    i.HAL_UART_TxCpltCallback  stm32f1xx_hal_uart.o
    0x08002a80   0x08002a80   0x00000004   Code   RO          174    i.HardFault_Handler  stm32f1xx_it.o
    0x08002a84   0x08002a84   0x0000005c   Code   RO         3169    i.I2C_Init          myiic.o
    0x08002ae0   0x08002ae0   0x00000054   Code   RO         3172    i.I2C_Send_Byte     myiic.o
    0x08002b34   0x08002b34   0x00000030   Code   RO         3173    i.I2C_Start         myiic.o
    0x08002b64   0x08002b64   0x00000024   Code   RO         3174    i.I2C_Stop          myiic.o
    0x08002b88   0x08002b88   0x0000003c   Code   RO         3175    i.I2C_Wait_Ack      myiic.o
    0x08002bc4   0x08002bc4   0x00000044   Code   RO         3013    i.IIC_Ack           24cxx.o
    0x08002c08   0x08002c08   0x00000040   Code   RO         3014    i.IIC_NAck          24cxx.o
    0x08002c48   0x08002c48   0x0000005c   Code   RO         3015    i.IIC_Read_Byte     24cxx.o
    0x08002ca4   0x08002ca4   0x0000006c   Code   RO         3016    i.IIC_Send_Byte     24cxx.o
    0x08002d10   0x08002d10   0x00000040   Code   RO         3017    i.IIC_Start         24cxx.o
    0x08002d50   0x08002d50   0x00000040   Code   RO         3018    i.IIC_Stop          24cxx.o
    0x08002d90   0x08002d90   0x00000058   Code   RO         3019    i.IIC_Wait_Ack      24cxx.o
    0x08002de8   0x08002de8   0x00000050   Code   RO         3348    i.LedInit           bsp_led.o
    0x08002e38   0x08002e38   0x00000020   Code   RO         3350    i.LedPwmDutySet     bsp_led.o
    0x08002e58   0x08002e58   0x00000084   Code   RO         3351    i.LedRefresh        bsp_led.o
    0x08002edc   0x08002edc   0x00000024   Code   RO         3352    i.LedSet            bsp_led.o
    0x08002f00   0x08002f00   0x0000002e   Code   RO         3354    i.LedWrite          bsp_led.o
    0x08002f2e   0x08002f2e   0x00000040   Code   RO         3355    i.LedWriteMulti     bsp_led.o
    0x08002f6e   0x08002f6e   0x00000002   PAD
    0x08002f70   0x08002f70   0x0000003c   Code   RO         3558    i.LoraInit          lora.o
    0x08002fac   0x08002fac   0x0000005c   Code   RO         3561    i.LoraWriteParam    lora.o
    0x08003008   0x08003008   0x00000004   Code   RO          175    i.MemManage_Handler  stm32f1xx_it.o
    0x0800300c   0x0800300c   0x00000004   Code   RO          176    i.NMI_Handler       stm32f1xx_it.o
    0x08003010   0x08003010   0x00000002   Code   RO          177    i.PendSV_Handler    stm32f1xx_it.o
    0x08003012   0x08003012   0x00000002   PAD
    0x08003014   0x08003014   0x00000028   Code   RO         1499    i.RCC_Delay         stm32f1xx_hal_rcc.o
    0x0800303c   0x0800303c   0x00000002   Code   RO          178    i.SVC_Handler       stm32f1xx_it.o
    0x0800303e   0x0800303e   0x00000008   Code   RO          179    i.SysTick_Handler   stm32f1xx_it.o
    0x08003046   0x08003046   0x00000086   Code   RO         3243    i.SystemClock_Config  sys.o
    0x080030cc   0x080030cc   0x00000002   Code   RO         2969    i.SystemInit        system_stm32f1xx.o
    0x080030ce   0x080030ce   0x00000002   PAD
    0x080030d0   0x080030d0   0x00000010   Code   RO         3498    i.TIM4_IRQHandler   bsp_tim.o
    0x080030e0   0x080030e0   0x00000084   Code   RO          422    i.TIM_Base_SetConfig  stm32f1xx_hal_tim.o
    0x08003164   0x08003164   0x0000000c   Code   RO         3499    i.TimerGet1ms       bsp_tim.o
    0x08003170   0x08003170   0x0000000c   Code   RO         3500    i.TimerGet1s        bsp_tim.o
    0x0800317c   0x0800317c   0x00000014   Code   RO         2362    i.UART_DMAAbortOnError  stm32f1xx_hal_uart.o
    0x08003190   0x08003190   0x00000050   Code   RO         2363    i.UART_DMAError     stm32f1xx_hal_uart.o
    0x080031e0   0x080031e0   0x000000b4   Code   RO         2364    i.UART_DMAReceiveCplt  stm32f1xx_hal_uart.o
    0x08003294   0x08003294   0x00000024   Code   RO         2366    i.UART_DMARxHalfCplt  stm32f1xx_hal_uart.o
    0x080032b8   0x080032b8   0x0000006c   Code   RO         2372    i.UART_EndRxTransfer  stm32f1xx_hal_uart.o
    0x08003324   0x08003324   0x00000020   Code   RO         2373    i.UART_EndTransmit_IT  stm32f1xx_hal_uart.o
    0x08003344   0x08003344   0x00000026   Code   RO         2374    i.UART_EndTxTransfer  stm32f1xx_hal_uart.o
    0x0800336a   0x0800336a   0x000000fc   Code   RO         2375    i.UART_Receive_IT   stm32f1xx_hal_uart.o
    0x08003466   0x08003466   0x00000002   PAD
    0x08003468   0x08003468   0x000000fc   Code   RO         2376    i.UART_SetConfig    stm32f1xx_hal_uart.o
    0x08003564   0x08003564   0x000000c8   Code   RO         2377    i.UART_Start_Receive_DMA  stm32f1xx_hal_uart.o
    0x0800362c   0x0800362c   0x00000060   Code   RO         2379    i.UART_Transmit_IT  stm32f1xx_hal_uart.o
    0x0800368c   0x0800368c   0x0000008c   Code   RO         2380    i.UART_WaitOnFlagUntilTimeout  stm32f1xx_hal_uart.o
    0x08003718   0x08003718   0x00000064   Code   RO         3279    i.USART1_IRQHandler  bsp_usart.o
    0x0800377c   0x0800377c   0x00000070   Code   RO         3280    i.USART1_UART_Init  bsp_usart.o
    0x080037ec   0x080037ec   0x00000064   Code   RO         3281    i.USART2_IRQHandler  bsp_usart.o
    0x08003850   0x08003850   0x00000070   Code   RO         3282    i.USART2_UART_Init  bsp_usart.o
    0x080038c0   0x080038c0   0x00000004   Code   RO          180    i.UsageFault_Handler  stm32f1xx_it.o
    0x080038c4   0x080038c4   0x00000010   Code   RO         1806    i.__NVIC_GetPriorityGrouping  stm32f1xx_hal_cortex.o
    0x080038d4   0x080038d4   0x00000028   Code   RO         1807    i.__NVIC_SetPriority  stm32f1xx_hal_cortex.o
    0x080038fc   0x080038fc   0x000000a0   Code   RO         3446    i.bsp_InitAdc       bsp_adc.o
    0x0800399c   0x0800399c   0x000001fc   Code   RO         3418    i.bsp_InitGpio      bsp_gpio.o
    0x08003b98   0x08003b98   0x00000044   Code   RO         3283    i.bsp_usartInit     bsp_usart.o
    0x08003bdc   0x08003bdc   0x00000028   Code   RO         3121    i.delay_ms          delay.o
    0x08003c04   0x08003c04   0x00000014   Code   RO         3123    i.delay_us          delay.o
    0x08003c18   0x08003c18   0x0000001c   Code   RO         3562    i.loraSendData      lora.o
    0x08003c34   0x08003c34   0x000000d0   Code   RO           13    i.main              main.o
    0x08003d04   0x08003d04   0x00000012   Data   RO         1500    .constdata          stm32f1xx_hal_rcc.o
    0x08003d16   0x08003d16   0x00000012   Data   RO         1596    .constdata          stm32f1xx_hal_rcc_ex.o
    0x08003d28   0x08003d28   0x00000018   Data   RO         2970    .constdata          system_stm32f1xx.o
    0x08003d40   0x08003d40   0x00000020   Data   RO         3903    Region$$Table       anon$$obj.o


    Execution Region RW_IRAM1 (Exec base: 0x20000000, Load base: 0x08003d60, Size: 0x00000b78, Max: 0x00005000, ABSOLUTE)

    Exec Addr    Load Addr    Size         Type   Attr      Idx    E Section Name        Object

    0x20000000   0x08003d60   0x00000015   Data   RW           15    .data               main.o
    0x20000015   0x08003d75   0x00000003   PAD
    0x20000018   0x08003d78   0x00000009   Data   RW         1336    .data               stm32f1xx_hal.o
    0x20000021   0x08003d81   0x00000003   PAD
    0x20000024   0x08003d84   0x00000004   Data   RW         2971    .data               system_stm32f1xx.o
    0x20000028   0x08003d88   0x0000000b   Data   RW         3357    .data               bsp_led.o
    0x20000033   0x08003d93   0x00000001   PAD
    0x20000034   0x08003d94   0x00000004   Data   RW         3448    .data               bsp_adc.o
    0x20000038   0x08003d98   0x00000008   Data   RW         3502    .data               bsp_tim.o
    0x20000040   0x08003da0   0x00000008   Data   RW         3564    .data               lora.o
    0x20000048   0x08003da8   0x00000005   Data   RW         3647    .data               task_ctrl.o
    0x2000004d   0x08003dad   0x00000003   PAD
    0x20000050        -       0x0000000f   Zero   RW           14    .bss                main.o
    0x2000005f   0x08003dad   0x00000001   PAD
    0x20000060        -       0x00000330   Zero   RW         3284    .bss                bsp_usart.o
    0x20000390        -       0x00000048   Zero   RW         3356    .bss                bsp_led.o
    0x200003d8        -       0x00000074   Zero   RW         3447    .bss                bsp_adc.o
    0x2000044c        -       0x00000048   Zero   RW         3501    .bss                bsp_tim.o
    0x20000494        -       0x00000080   Zero   RW         3563    .bss                lora.o
    0x20000514        -       0x00000060   Zero   RW         3775    .bss                c_w.l(libspace.o)
    0x20000574   0x08003dad   0x00000004   PAD
    0x20000578        -       0x00000200   Zero   RW            2    HEAP                startup_stm32f103xb.o
    0x20000778        -       0x00000400   Zero   RW            1    STACK               startup_stm32f103xb.o


==============================================================================

Image component sizes


      Code (inc. data)   RO Data    RW Data    ZI Data      Debug   Object Name

       850         38          0          0          0       6950   24cxx.o
       336         36          0          4        116       1807   bsp_adc.o
       508         16          0          0          0       1227   bsp_gpio.o
       390         18          0         11         72       4518   bsp_led.o
       264         52          0          8         72       3432   bsp_tim.o
       948        102          0          0        816       5092   bsp_usart.o
        60          4          0          0          0       1014   delay.o
       180         24          0          8        128       2136   lora.o
       208         30          0         21         15     449080   main.o
       334         28          0          0          0       3168   myiic.o
        64         26        236          0       1536        800   startup_stm32f103xb.o
       192         36          0          9          0       5809   stm32f1xx_hal.o
      1428         56          0          0          0       8214   stm32f1xx_hal_adc.o
       284          6          0          0          0       1442   stm32f1xx_hal_adc_ex.o
       304         22          0          0          0      29339   stm32f1xx_hal_cortex.o
       978         12          0          0          0       4790   stm32f1xx_hal_dma.o
       812         34          0          0          0       2640   stm32f1xx_hal_gpio.o
        84          8          0          0          0        870   stm32f1xx_hal_msp.o
      1748         98         18          0          0       5880   stm32f1xx_hal_rcc.o
       556         34         18          0          0       2341   stm32f1xx_hal_rcc_ex.o
       726         26          0          0          0       5651   stm32f1xx_hal_tim.o
       136         14          0          0          0       2385   stm32f1xx_hal_tim_ex.o
      2674         22          0          0          0      16473   stm32f1xx_hal_uart.o
        82         18          0          0          0       5219   stm32f1xx_it.o
       140          0          0          0          0       1045   sys.o
         2          0         24          4          0       1083   system_stm32f1xx.o
       548         44          0          5          0       1650   task_ctrl.o

    ----------------------------------------------------------------------
     14858        804        328         80       2756     574055   Object Totals
         0          0         32          0          0          0   (incl. Generated)
        22          0          0         10          1          0   (incl. Padding)

    ----------------------------------------------------------------------

      Code (inc. data)   RO Data    RW Data    ZI Data      Debug   Library Member Name

         8          0          0          0          0         68   __main.o
         0          0          0          0          0          0   __rtentry.o
        12          0          0          0          0          0   __rtentry2.o
         6          0          0          0          0          0   __rtentry4.o
        52          8          0          0          0          0   __scatter.o
        26          0          0          0          0          0   __scatter_copy.o
        28          0          0          0          0          0   __scatter_zi.o
        16          0          0          0          0         68   aeabi_memset.o
        18          0          0          0          0         80   exit.o
         6          0          0          0          0        152   heapauxi.o
         0          0          0          0          0          0   indicate_semi.o
         2          0          0          0          0          0   libinit.o
         2          0          0          0          0          0   libinit2.o
         2          0          0          0          0          0   libshutdown.o
         2          0          0          0          0          0   libshutdown2.o
         8          4          0          0         96         68   libspace.o
        88          0          0          0          0         76   memcmp.o
        68          0          0          0          0         68   rt_memclr.o
        78          0          0          0          0         80   rt_memclr_w.o
         2          0          0          0          0          0   rtexit.o
        10          0          0          0          0          0   rtexit2.o
        12          4          0          0          0         68   sys_exit.o
        74          0          0          0          0         80   sys_stackheap_outer.o
         2          0          0          0          0         68   use_no_semi.o

    ----------------------------------------------------------------------
       526         16          0          0        100        876   Library Totals
         4          0          0          0          4          0   (incl. Padding)

    ----------------------------------------------------------------------

      Code (inc. data)   RO Data    RW Data    ZI Data      Debug   Library Name

       522         16          0          0         96        876   c_w.l

    ----------------------------------------------------------------------
       526         16          0          0        100        876   Library Totals

    ----------------------------------------------------------------------

==============================================================================


      Code (inc. data)   RO Data    RW Data    ZI Data      Debug   

     15384        820        328         80       2856     567751   Grand Totals
     15384        820        328         80       2856     567751   ELF Image Totals
     15384        820        328         80          0          0   ROM Totals

==============================================================================

    Total RO  Size (Code + RO Data)                15712 (  15.34kB)
    Total RW  Size (RW Data + ZI Data)              2936 (   2.87kB)
    Total ROM Size (Code + RO Data + RW Data)      15792 (  15.42kB)

==============================================================================

