<html>
<body>
<pre>
<h1>µVision Build Log</h1>
<h2>Tool Versions:</h2>
IDE-Version: ¦ÌVision V5.34.0.0
Copyright (C) 2021 ARM Ltd and ARM Germany GmbH. All rights reserved.
License Information:  ,  , LIC=VGXG8-3Q1X4-562Q2-9C8BA-AKND3-42BMP
 
Tool Versions:
Toolchain:       MDK-ARM Plus  Version: 5.34.0.0
Toolchain Path:  D:\keil5\ARM\ARMCC\Bin
C Compiler:      Armcc.exe V5.06 update 7 (build 960)
Assembler:       Armasm.exe V5.06 update 7 (build 960)
Linker/Locator:  ArmLink.exe V5.06 update 7 (build 960)
Library Manager: ArmAr.exe V5.06 update 7 (build 960)
Hex Converter:   FromElf.exe V5.06 update 7 (build 960)
CPU DLL:         SARMCM3.DLL V5.34.0.0
Dialog DLL:      DCM.DLL V1.17.3.0
Target DLL:      CMSIS_AGDI.dll V1.32.13.0
Dialog DLL:      TCM.DLL V1.48.0.0
 
<h2>Project:</h2>
C:\Users\murphy\Desktop\wireless_receiver\MDK-ARM\receiver.uvprojx
Project File Date:  11/11/2024

<h2>Output:</h2>
*** Using Compiler 'V5.06 update 7 (build 960)', folder: 'D:\keil5\ARM\ARMCC\Bin'
Rebuild target 'receiver'
assembling startup_stm32f103xb.s...
compiling stm32f1xx_hal_dma.c...
compiling stm32f1xx_hal_rcc_ex.c...
compiling stm32f1xx_hal_rcc.c...
compiling stm32f1xx_hal_msp.c...
compiling stm32f1xx_hal.c...
compiling stm32f1xx_hal_gpio.c...
compiling stm32f1xx_it.c...
compiling stm32f1xx_hal_gpio_ex.c...
compiling main.c...
../Core/Src/main.c(117): warning:  #550-D: variable "a"  was set but never used
      static uint8_t a=0;
../Core/Src/main.c: 1 warning, 0 errors
compiling stm32f1xx_hal_tim_ex.c...
compiling stm32f1xx_hal_tim.c...
compiling system_stm32f1xx.c...
compiling stm32f1xx_hal_cortex.c...
compiling stm32f1xx_hal_flash.c...
compiling stm32f1xx_hal_adc.c...
compiling stm32f1xx_hal_pwr.c...
compiling stm32f1xx_hal_uart.c...
compiling stm32f1xx_hal_exti.c...
compiling 24cxx.c...
compiling stm32f1xx_hal_flash_ex.c...
compiling protocol.c...
..\App\Src\protocol.c(36): warning:  #550-D: variable "temp_group"  was set but never used
      uint8_t temp_group=0;
..\App\Src\protocol.c(37): warning:  #550-D: variable "temp_dev"  was set but never used
      uint8_t temp_dev=0;
..\App\Src\protocol.c(77): warning:  #177-D: variable "len"  was declared but never referenced
      uint8_t len=0;
..\App\Src\protocol.c: 3 warnings, 0 errors
compiling stm32f1xx_hal_adc_ex.c...
compiling bsp_tim.c...
compiling bsp_led.c...
compiling bsp_adc.c...
compiling bsp_usart.c...
compiling task_ctrl.c...
compiling task_com.c...
compiling bsp_gpio.c...
compiling sys.c...
compiling myiic.c...
compiling delay.c...
compiling lora.c...
linking...
Program Size: Code=20016 RO-data=344 RW-data=96 ZI-data=2792  
FromELF: creating hex file...
"receiver\receiver.axf" - 0 Error(s), 4 Warning(s).

<h2>Software Packages used:</h2>

Package Vendor: ARM
                http://www.keil.com/pack/ARM.CMSIS.5.7.0.pack
                ARM.CMSIS.5.7.0
                CMSIS (Cortex Microcontroller Software Interface Standard)
   * Component: CORE Version: 5.4.0

Package Vendor: Keil
                http://www.keil.com/pack/Keil.STM32F1xx_DFP.2.3.0.pack
                Keil.STM32F1xx_DFP.2.3.0
                STMicroelectronics STM32F1 Series Device Support, Drivers and Examples

<h2>Collection of Component include folders:</h2>
  .\RTE\_receiver
  D:\keil5\pack\ARM\CMSIS\5.7.0\CMSIS\Core\Include
  D:\keil5\pack\Keil\STM32F1xx_DFP\2.3.0\Device\Include

<h2>Collection of Component Files used:</h2>

   * Component: ARM::CMSIS:CORE:5.4.0
      Include file:  CMSIS\Core\Include\tz_context.h
Build Time Elapsed:  00:00:09
</pre>
</body>
</html>
